Component: ARM Compiler 6.16 Tool: armlink [5dfeaa00]

==============================================================================

Loading Objects.

Loading object BUILD/LPC1768/ARMC6/main.o.
Adding cpp init reference.              reference :  __cpp_initialize__aeabi_
              reference :  ProgressNodes()
              reference :  SetupWorkbench()
              reference :  nBlockNode::triggerInput(nBlocks_Message)
              reference :  nBlock_Blink::nBlock_Blink(unsigned int, PinName)
              weak defn :  nBlock_Blink::~nBlock_Blink__sub_object()
              weak defn :  PlatformMutex::~PlatformMutex__sub_object()
              reference :  nBlock_Ticker::nBlock_Ticker(unsigned int)
              weak defn :  nBlock_Ticker::~nBlock_Ticker__sub_object()
              reference :  nBlockConnection::nBlockConnection(nBlockNode*, unsigned int, nBlockNode*, unsigned int)
              weak defn :  nBlockSimpleNode<1u>::readOutput(unsigned int)
              weak defn :  nBlockSimpleNode<1u>::onKernelData()
              weak defn :  nBlockSimpleNode<1u>::readOutputType(unsigned int)
              weak defn :  nBlockSimpleNode<1u>::outputAvailable(unsigned int)
              weak defn :  nBlockSimpleNode<1u>::step()
              weak defn :  nBlockSimpleNode<1u>::endFrame()
              reference :  nBlock_OLEDisplay::nBlock_OLEDisplay(PinName, PinName, PinName)
              weak defn :  nBlock_OLEDisplay::~nBlock_OLEDisplay__sub_object()
              reference :  nBlock_USonicEcho::nBlock_USonicEcho(PinName, unsigned int)
              weak defn :  nBlock_USonicEcho::~nBlock_USonicEcho__sub_object()
              reference :  nBlock_StringFormat::nBlock_StringFormat(char const*)
              reference :  nBlock_StringSerial::nBlock_StringSerial(PinName, PinName)
              weak defn :  nBlock_StringSerial::~nBlock_StringSerial__sub_object()
              reference :  mbed::SerialBase::~SerialBase__sub_object()
              reference :  mbed::TimerEvent::~TimerEvent__sub_object()
              reference :  mbed::InterruptIn::~InterruptIn()
              weak defn :  mbed::I2C::~I2C__sub_object()
              reference :  mbed::Timer::~Timer()
              weak defn :  mbed::Serial::~Serial__sub_object()
              reference :  mbed::Stream::~Stream__sub_object()
              reference :  mbed::Ticker::detach()
              weak defn :  mbed::Ticker::~Ticker__sub_object()
              weak defn :  mbed::Callback<void ()>::~Callback__sub_object()
              weak defn :  vtable for nBlock_Blink
              weak defn :  vtable for nBlock_Ticker
              reference :  vtable for nBlock_USonicEcho
              reference :  vtable for nBlock_StringSerial
              reference :  vtable for mbed::Ticker
              definition:  __ARM_use_no_argv
              reference :  __cxa_atexit
              reference :  __dso_handle
              definition:  main
              definition:  n_conn0
              definition:  n_conn1
              definition:  n_conn2
              definition:  n_conn3
              definition:  n_conn4
              definition:  nb_nBlockNode0_Ticker
              definition:  nb_nBlockNode1_USonicEcho
              definition:  nb_nBlockNode2_StringFormat
              definition:  nb_nBlockNode3_StringSerial
              definition:  nb_nBlockNode4_StringFormat
              definition:  nb_nBlockNode5_OLEDisplay
              definition:  nb_nBlockNode6_Blink
Loading object BUILD/LPC1768/ARMC6/mbed-os/cmsis/TARGET_CORTEX_M/mbed_tz_context.o.
Loading object BUILD/LPC1768/ARMC6/mbed-os/drivers/source/AnalogIn.o.
              weak defn :  PlatformMutex* core_util_atomic_load<PlatformMutex>(PlatformMutex* const*)
              weak defn :  void core_util_atomic_store<PlatformMutex>(PlatformMutex**, PlatformMutex*)
              weak defn :  PlatformMutex::lock()
              weak defn :  PlatformMutex::unlock()
              weak defn :  PlatformMutex::PlatformMutex__sub_object()
              weak defn :  mbed::AnalogIn::lock()
              definition:  mbed::AnalogIn::read()
              definition:  mbed::AnalogIn::_mutex
              weak defn :  mbed::AnalogIn::unlock()
              definition:  mbed::AnalogIn::read_u16()
              definition:  mbed::AnalogIn::AnalogIn(PinName)
              definition:  mbed::AnalogIn::AnalogIn(PinMap const&)
              definition:  mbed::AnalogIn::AnalogIn__sub_object(PinName)
              definition:  mbed::AnalogIn::AnalogIn__sub_object(PinMap const&)
              weak defn :  mbed::AnalogIn::~AnalogIn__deallocating()
              weak defn :  mbed::AnalogIn::~AnalogIn__sub_object()
              weak defn :  SingletonPtr<PlatformMutex>::get() const
              weak defn :  SingletonPtr<PlatformMutex>::operator->() const
              weak defn :  vtable for mbed::AnalogIn
              reference :  operator delete(void*)
              reference :  analogin_init
[...]
    0x00002dea   0x00000002   PAD
    0x00002dec   0x00000002   Code   RO         4463    .text._ZN12Adafruit_GFXD0Ev  BUILD/LPC1768/ARMC6/nlib/OLEDisplay/OLEDisplay.o
    0x00002dee   0x00000002   PAD
    0x00002df0   0x0000001e   Code   RO         3111    .text._ZN12DirectSerial4readEPvj  BUILD/LPC1768/ARMC6/mbed-os/platform/source/mbed_retarget.o
    0x00002e0e   0x00000002   PAD
    0x00002e10   0x00000006   Code   RO         3302    .text._ZN12DirectSerial4seekEli  BUILD/LPC1768/ARMC6/mbed-os/platform/source/mbed_retarget.o
    0x00002e16   0x00000002   PAD
    0x00002e18   0x00000006   Code   RO         3308    .text._ZN12DirectSerial4sizeEv  BUILD/LPC1768/ARMC6/mbed-os/platform/source/mbed_retarget.o
    0x00002e1e   0x00000002   PAD
    0x00002e20   0x00000004   Code   RO         3304    .text._ZN12DirectSerial5closeEv  BUILD/LPC1768/ARMC6/mbed-os/platform/source/mbed_retarget.o
    0x00002e24   0x00000028   Code   RO         3109    .text._ZN12DirectSerial5writeEPKvj  BUILD/LPC1768/ARMC6/mbed-os/platform/source/mbed_retarget.o
    0x00002e4c   0x00000004   Code   RO         3306    .text._ZN12DirectSerial6isattyEv  BUILD/LPC1768/ARMC6/mbed-os/platform/source/mbed_retarget.o
    0x00002e50   0x00000044   Code   RO         3107    .text._ZN12DirectSerialC2ERK15serial_pinmap_ti  BUILD/LPC1768/ARMC6/mbed-os/platform/source/mbed_retarget.o
    0x00002e94   0x0000000c   Code   RO         3300    .text._ZN12DirectSerialD0Ev  BUILD/LPC1768/ARMC6/mbed-os/platform/source/mbed_retarget.o
    0x00002ea0   0x0000001a   Code   RO         4244    .text._ZN12nBlock_Blink5_tickEv  BUILD/LPC1768/ARMC6/nlib/Blink/blink.o
    0x00002eba   0x00000002   PAD
    0x00002ebc   0x000000a2   Code   RO         4242    .text._ZN12nBlock_BlinkC2Ej7PinName  BUILD/LPC1768/ARMC6/nlib/Blink/blink.o
    0x00002f5e   0x00000002   PAD
    0x00002f60   0x0000001e   Code   RO           61    .text._ZN12nBlock_BlinkD2Ev  BUILD/LPC1768/ARMC6/main.o
    0x00002f7e   0x00000002   PAD
    0x00002f80   0x00000002   Code   RO          115    .text._ZN13PlatformMutex4lockEv  BUILD/LPC1768/ARMC6/mbed-os/drivers/source/AnalogIn.o
    0x00002f82   0x00000002   PAD
    0x00002f84   0x00000002   Code   RO          125    .text._ZN13PlatformMutex6unlockEv  BUILD/LPC1768/ARMC6/mbed-os/drivers/source/AnalogIn.o
    0x00002f86   0x00000002   PAD
    0x00002f88   0x00000002   Code   RO          121    .text._ZN13PlatformMutexC2Ev  BUILD/LPC1768/ARMC6/mbed-os/drivers/source/AnalogIn.o
    0x00002f8a   0x00000002   PAD
    0x00002f8c   0x00000002   Code   RO           81    .text._ZN13PlatformMutexD2Ev  BUILD/LPC1768/ARMC6/main.o
    0x00002f8e   0x00000002   PAD
    0x00002f90   0x00000008   Code   RO         4532    .text._ZN13nBlock_Ticker5_tickEv  BUILD/LPC1768/ARMC6/nlib/Ticker/ticker.o
    0x00002f98   0x00000094   Code   RO         4530    .text._ZN13nBlock_TickerC2Ej  BUILD/LPC1768/ARMC6/nlib/Ticker/ticker.o
    0x0000302c   0x0000001e   Code   RO           53    .text._ZN13nBlock_TickerD2Ev  BUILD/LPC1768/ARMC6/main.o
    0x0000304a   0x00000002   PAD
    0x0000304c   0x00000014   Code   RO         4387    .text._ZN16Adafruit_SSD130612clearDisplayEv  BUILD/LPC1768/ARMC6/nlib/OLEDisplay/Adafruit_GFX/Adafruit_SSD1306.o
    0x00003060   0x00000016   Code   RO         4383    .text._ZN16Adafruit_SSD130613invertDisplayEb  BUILD/LPC1768/ARMC6/nlib/OLEDisplay/Adafruit_GFX/Adafruit_SSD1306.o
    0x00003076   0x00000002   PAD
    0x00003078   0x00000158   Code   RO         4377    .text._ZN16Adafruit_SSD13065beginEh  BUILD/LPC1768/ARMC6/nlib/OLEDisplay/Adafruit_GFX/Adafruit_SSD1306.o
    0x000031d0   0x00000020   Code   RO         4389    .text._ZN16Adafruit_SSD13066splashEv  BUILD/LPC1768/ARMC6/nlib/OLEDisplay/Adafruit_GFX/Adafruit_SSD1306.o
    0x000031f0   0x0000002c   Code   RO         4385    .text._ZN16Adafruit_SSD13067displayEv  BUILD/LPC1768/ARMC6/nlib/OLEDisplay/Adafruit_GFX/Adafruit_SSD1306.o
    0x0000321c   0x000000c0   Code   RO         4379    .text._ZN16Adafruit_SSD13069drawPixelEsst  BUILD/LPC1768/ARMC6/nlib/OLEDisplay/Adafruit_GFX/Adafruit_SSD1306.o
    0x000032dc   0x0000004c   Code   RO         4443    .text._ZN16Adafruit_SSD1306C2E7PinNamehh  BUILD/LPC1768/ARMC6/nlib/OLEDisplay/OLEDisplay.o
    0x00003328   0x00000002   Code   RO         4412    .text._ZN16Adafruit_SSD1306D0Ev  BUILD/LPC1768/ARMC6/nlib/OLEDisplay/Adafruit_GFX/Adafruit_SSD1306.o
    0x0000332a   0x00000002   PAD
    0x0000332c   0x00000026   Code   RO         4410    .text._ZN16Adafruit_SSD1306D2Ev  BUILD/LPC1768/ARMC6/nlib/OLEDisplay/Adafruit_GFX/Adafruit_SSD1306.o
    0x00003352   0x00000002   PAD
    0x00003354   0x00000004   Code   RO         4327    .text._ZN16nBlockConnection7getNextEv  BUILD/LPC1768/ARMC6/nlib/KernelNode/nworkbench.o
    0x00003358   0x00000004   Code   RO         4323    .text._ZN16nBlockConnection7setNextEPS_  BUILD/LPC1768/ARMC6/nlib/KernelNode/nworkbench.o
    0x0000335c   0x000000ae   Code   RO         4325    .text._ZN16nBlockConnection9propagateEv  BUILD/LPC1768/ARMC6/nlib/KernelNode/nworkbench.o
    0x0000340a   0x00000002   PAD
    0x0000340c   0x0000003a   Code   RO         4321    .text._ZN16nBlockConnectionC2EP10nBlockNodejS1_j  BUILD/LPC1768/ARMC6/nlib/KernelNode/nworkbench.o
    0x00003446   0x00000002   PAD
    0x00003448   0x00000008   Code   RO           69    .text._ZN16nBlockSimpleNodeILj1EE10readOutputEj  BUILD/LPC1768/ARMC6/main.o
    0x00003450   0x00000002   Code   RO           73    .text._ZN16nBlockSimpleNodeILj1EE12onKernelDataEv  BUILD/LPC1768/ARMC6/main.o
    0x00003452   0x00000002   PAD
    0x00003454   0x00000006   Code   RO           67    .text._ZN16nBlockSimpleNodeILj1EE14readOutputTypeEj  BUILD/LPC1768/ARMC6/main.o
    0x0000345a   0x00000002   PAD
    0x0000345c   0x00000008   Code   RO           65    .text._ZN16nBlockSimpleNodeILj1EE15outputAvailableEj  BUILD/LPC1768/ARMC6/main.o
    0x00003464   0x0000001a   Code   RO           71    .text._ZN16nBlockSimpleNodeILj1EE4stepEv  BUILD/LPC1768/ARMC6/main.o
    0x0000347e   0x00000002   PAD
    0x00003480   0x00000002   Code   RO           75    .text._ZN16nBlockSimpleNodeILj1EE8endFrameEv  BUILD/LPC1768/ARMC6/main.o
    0x00003482   0x00000002   PAD
    0x00003484   0x00000020   Code   RO         4258    .text._ZN16nBlockSimpleNodeILj1EEC2Ev  BUILD/LPC1768/ARMC6/nlib/Blink/blink.o
    0x000034a4   0x00000014   Code   RO         4427    .text._ZN17nBlock_OLEDisplay12triggerInputE15nBlocks_Message  BUILD/LPC1768/ARMC6/nlib/OLEDisplay/OLEDisplay.o
    0x000034b8   0x00000032   Code   RO         4429    .text._ZN17nBlock_OLEDisplay8endFrameEv  BUILD/LPC1768/ARMC6/nlib/OLEDisplay/OLEDisplay.o
    0x000034ea   0x00000002   PAD
    0x000034ec   0x00000078   Code   RO         4425    .text._ZN17nBlock_OLEDisplayC2E7PinNameS0_S0_  BUILD/LPC1768/ARMC6/nlib/OLEDisplay/OLEDisplay.o
    0x00003564   0x00000010   Code   RO           59    .text._ZN17nBlock_OLEDisplayD2Ev  BUILD/LPC1768/ARMC6/main.o
    0x00003574   0x00000008   Code   RO         4565    .text._ZN17nBlock_USonicEcho12triggerInputE15nBlocks_Message  BUILD/LPC1768/ARMC6/nlib/USonicEcho/USonicEcho.o
    0x0000357c   0x00000028   Code   RO         4563    .text._ZN17nBlock_USonicEcho7echoendEv  BUILD/LPC1768/ARMC6/nlib/USonicEcho/USonicEcho.o
    0x000035a4   0x00000078   Code   RO         4567    .text._ZN17nBlock_USonicEcho8endFrameEv  BUILD/LPC1768/ARMC6/nlib/USonicEcho/USonicEcho.o
    0x0000361c   0x0000001e   Code   RO         4561    .text._ZN17nBlock_USonicEcho9echostartEv  BUILD/LPC1768/ARMC6/nlib/USonicEcho/USonicEcho.o
    0x0000363a   0x00000002   PAD
    0x0000363c   0x0000009a   Code   RO         4559    .text._ZN17nBlock_USonicEchoC2E7PinNamej  BUILD/LPC1768/ARMC6/nlib/USonicEcho/USonicEcho.o
    0x000036d6   0x00000002   PAD
    0x000036d8   0x00000026   Code   RO           55    .text._ZN17nBlock_USonicEchoD2Ev  BUILD/LPC1768/ARMC6/main.o
    0x000036fe   0x00000002   PAD
    0x00003700   0x00000058   Code   RO         4500    .text._ZN19nBlock_StringFormat12triggerInputE15nBlocks_Message  BUILD/LPC1768/ARMC6/nlib/StringFormat/stringformat.o
    0x00003758   0x0000002a   Code   RO         4502    .text._ZN19nBlock_StringFormat8endFrameEv  BUILD/LPC1768/ARMC6/nlib/StringFormat/stringformat.o
    0x00003782   0x00000002   PAD
    0x00003784   0x00000028   Code   RO         4498    .text._ZN19nBlock_StringFormatC2EPKc  BUILD/LPC1768/ARMC6/nlib/StringFormat/stringformat.o
    0x000037ac   0x00000038   Code   RO         4515    .text._ZN19nBlock_StringSerial12triggerInputE15nBlocks_Message  BUILD/LPC1768/ARMC6/nlib/StringSerial/stringserial.o
    0x000037e4   0x00000020   Code   RO         4517    .text._ZN19nBlock_StringSerial8endFrameEv  BUILD/LPC1768/ARMC6/nlib/StringSerial/stringserial.o
    0x00003804   0x00000038   Code   RO         4513    .text._ZN19nBlock_StringSerialC2E7PinNameS0_  BUILD/LPC1768/ARMC6/nlib/StringSerial/stringserial.o
    0x0000383c   0x0000001e   Code   RO           57    .text._ZN19nBlock_StringSerialD2Ev  BUILD/LPC1768/ARMC6/main.o
    0x0000385a   0x00000002   PAD
    0x0000385c   0x00000064   Code   RO         4451    .text._ZN20Adafruit_SSD1306_I2c17sendDisplayBufferEv  BUILD/LPC1768/ARMC6/nlib/OLEDisplay/OLEDisplay.o
    0x000038c0   0x00000030   Code   RO         4449    .text._ZN20Adafruit_SSD1306_I2c4dataEh  BUILD/LPC1768/ARMC6/nlib/OLEDisplay/OLEDisplay.o
    0x000038f0   0x0000002e   Code   RO         4447    .text._ZN20Adafruit_SSD1306_I2c7commandEh  BUILD/LPC1768/ARMC6/nlib/OLEDisplay/OLEDisplay.o
    0x0000391e   0x00000002   PAD
    0x00003920   0x0000004a   Code   RO         4441    .text._ZN20Adafruit_SSD1306_I2cC2ERN4mbed3I2CE7PinNamehhh  BUILD/LPC1768/ARMC6/nlib/OLEDisplay/OLEDisplay.o
    0x0000396a   0x00000002   PAD
    0x0000396c   0x0000000c   Code   RO         4445    .text._ZN20Adafruit_SSD1306_I2cD0Ev  BUILD/LPC1768/ARMC6/nlib/OLEDisplay/OLEDisplay.o
    0x00003978   0x00000008   Code   RO          271    .text._ZN4mbed10DigitalOut4readEv  BUILD/LPC1768/ARMC6/mbed-os/drivers/source/BusOut.o
    0x00003980   0x00000008   Code   RO          269    .text._ZN4mbed10DigitalOut5writeEi  BUILD/LPC1768/ARMC6/mbed-os/drivers/source/BusOut.o
    0x00003988   0x0000001c   Code   RO          267    .text._ZN4mbed10DigitalOutC2E7PinName  BUILD/LPC1768/ARMC6/mbed-os/drivers/source/BusOut.o
    0x000039a4   0x0000000c   Code   RO          872    .text._ZN4mbed10DigitalOutaSEi  BUILD/LPC1768/ARMC6/mbed-os/drivers/source/SPI.o
    0x000039b0   0x00000008   Code   RO         4262    .text._ZN4mbed10DigitalOutcviEv  BUILD/LPC1768/ARMC6/nlib/Blink/blink.o
    0x000039b8   0x00000006   Code   RO          947    .text._ZN4mbed10FileHandle12enable_inputEb  BUILD/LPC1768/ARMC6/mbed-os/drivers/source/Serial.o
    0x000039be   0x00000002   PAD
    0x000039c0   0x0000000c   Code   RO          943    .text._ZN4mbed10FileHandle12set_blockingEb  BUILD/LPC1768/ARMC6/mbed-os/drivers/source/Serial.o
    0x000039cc   0x00000006   Code   RO          949    .text._ZN4mbed10FileHandle13enable_outputEb  BUILD/LPC1768/ARMC6/mbed-os/drivers/source/Serial.o
    0x000039d2   0x00000002   PAD
    0x000039d4   0x0000000a   Code   RO          941    .text._ZN4mbed10FileHandle4flenEv  BUILD/LPC1768/ARMC6/mbed-os/drivers/source/Serial.o
    0x000039de   0x00000002   PAD
    0x000039e0   0x00000036   Code   RO         2298    .text._ZN4mbed10FileHandle4sizeEv  BUILD/LPC1768/ARMC6/mbed-os/platform/source/FileHandle.o
    0x00003a16   0x00000002   PAD
    0x00003a18   0x00000004   Code   RO         2310    .text._ZN4mbed10FileHandle4syncEv  BUILD/LPC1768/ARMC6/mbed-os/platform/source/FileHandle.o
    0x00003a1c   0x0000000e   Code   RO         1245    .text._ZN4mbed10FileHandle4tellEv  BUILD/LPC1768/ARMC6/mbed-os/drivers/source/UARTSerial.o
    0x00003a2a   0x00000002   PAD
    0x00003a2c   0x0000000a   Code   RO          939    .text._ZN4mbed10FileHandle5fsyncEv  BUILD/LPC1768/ARMC6/mbed-os/drivers/source/Serial.o
    0x00003a36   0x00000002   PAD
    0x00003a38   0x0000000a   Code   RO          937    .text._ZN4mbed10FileHandle5lseekEli  BUILD/LPC1768/ARMC6/mbed-os/drivers/source/Serial.o
    0x00003a42   0x00000002   PAD
    0x00003a44   0x00000002   Code   RO          953    .text._ZN4mbed10FileHandle5sigioENS_8CallbackIFvvEEE  BUILD/LPC1768/ARMC6/mbed-os/drivers/source/Serial.o
    0x00003a46   0x00000002   PAD
    0x00003a48   0x00000004   Code   RO         2312    .text._ZN4mbed10FileHandle6isattyEv  BUILD/LPC1768/ARMC6/mbed-os/platform/source/FileHandle.o
    0x00003a4c   0x0000000e   Code   RO         1247    .text._ZN4mbed10FileHandle6rewindEv  BUILD/LPC1768/ARMC6/mbed-os/drivers/source/UARTSerial.o
    0x00003a5a   0x00000002   PAD
    0x00003a5c   0x00000006   Code   RO          935    .text._ZN4mbed10FileHandle8truncateEl  BUILD/LPC1768/ARMC6/mbed-os/drivers/source/Serial.o
    0x00003a62   0x00000002   PAD
    0x00003a64   0x0000000e   Code   RO         1223    .text._ZN4mbed10FileHandleC2Ev  BUILD/LPC1768/ARMC6/mbed-os/drivers/source/UARTSerial.o
    0x00003a72   0x00000002   PAD
    0x00003a74   0x00000002   Code   RO         2308    .text._ZN4mbed10FileHandleD0Ev  BUILD/LPC1768/ARMC6/mbed-os/platform/source/FileHandle.o
    0x00003a76   0x00000002   PAD
    0x00003a78   0x00000002   Code   RO         1229    .text._ZN4mbed10FileHandleD2Ev  BUILD/LPC1768/ARMC6/mbed-os/drivers/source/UARTSerial.o
    0x00003a7a   0x00000002   PAD
    0x00003a7c   0x0000000a   Code   RO          980    .text._ZN4mbed10SerialBase10_base_getcEv  BUILD/LPC1768/ARMC6/mbed-os/drivers/source/SerialBase.o
    0x00003a86   0x00000002   PAD
    0x00003a88   0x0000000e   Code   RO          982    .text._ZN4mbed10SerialBase10_base_putcEi  BUILD/LPC1768/ARMC6/mbed-os/drivers/source/SerialBase.o
    0x00003a96   0x00000002   PAD
    0x00003a98   0x0000001e   Code   RO          978    .text._ZN4mbed10SerialBase12_irq_handlerEj9SerialIrq  BUILD/LPC1768/ARMC6/mbed-os/drivers/source/SerialBase.o
    0x00003ab6   0x00000002   PAD
    0x00003ab8   0x00000002   Code   RO          996    .text._ZN4mbed10SerialBase4lockEv  BUILD/LPC1768/ARMC6/mbed-os/drivers/source/SerialBase.o
    0x00003aba   0x00000002   PAD
    0x00003abc   0x0000004e   Code   RO          962    .text._ZN4mbed10SerialBase5_initEv  BUILD/LPC1768/ARMC6/mbed-os/drivers/source/SerialBase.o
    0x00003b0a   0x00000002   PAD
    0x00003b0c   0x000000a4   Code   RO          976    .text._ZN4mbed10SerialBase6attachENS_8CallbackIFvvEEENS0_7IrqTypeE  BUILD/LPC1768/ARMC6/mbed-os/drivers/source/SerialBase.o
    0x00003bb0   0x00000002   Code   RO          998    .text._ZN4mbed10SerialBase6unlockEv  BUILD/LPC1768/ARMC6/mbed-os/drivers/source/SerialBase.o
    0x00003bb2   0x00000002   PAD
    0x00003bb4   0x00000022   Code   RO          972    .text._ZN4mbed10SerialBase8readableEv  BUILD/LPC1768/ARMC6/mbed-os/drivers/source/SerialBase.o
    0x00003bd6   0x00000002   PAD
    0x00003bd8   0x0000009a   Code   RO          960    .text._ZN4mbed10SerialBaseC2E7PinNameS1_i  BUILD/LPC1768/ARMC6/mbed-os/drivers/source/SerialBase.o
    0x00003c72   0x00000002   PAD
    0x00003c74   0x0000000c   Code   RO         1002    .text._ZN4mbed10SerialBaseD0Ev  BUILD/LPC1768/ARMC6/mbed-os/drivers/source/SerialBase.o
    0x00003c80   0x0000004a   Code   RO         1000    .text._ZN4mbed10SerialBaseD2Ev  BUILD/LPC1768/ARMC6/mbed-os/drivers/source/SerialBase.o
    0x00003cca   0x00000002   PAD
    0x00003ccc   0x00000018   Code   RO         1116    .text._ZN4mbed10TimerEvent15insert_absoluteEy  BUILD/LPC1768/ARMC6/mbed-os/drivers/source/TimerEvent.o
    0x00003ce4   0x0000000a   Code   RO         1104    .text._ZN4mbed10TimerEvent3irqEj  BUILD/LPC1768/ARMC6/mbed-os/drivers/source/TimerEvent.o
    0x00003cee   0x00000002   PAD
    0x00003cf0   0x00000010   Code   RO         1110    .text._ZN4mbed10TimerEvent6removeEv  BUILD/LPC1768/ARMC6/mbed-os/drivers/source/TimerEvent.o
    0x00003d00   0x00000030   Code   RO         1102    .text._ZN4mbed10TimerEventC2Ev  BUILD/LPC1768/ARMC6/mbed-os/drivers/source/TimerEvent.o
    0x00003d30   0x00000002   Code   RO         1112    .text._ZN4mbed10TimerEventD0Ev  BUILD/LPC1768/ARMC6/mbed-os/drivers/source/TimerEvent.o
    0x00003d32   0x00000002   PAD
    0x00003d34   0x0000001a   Code   RO         1108    .text._ZN4mbed10TimerEventD2Ev  BUILD/LPC1768/ARMC6/mbed-os/drivers/source/TimerEvent.o
    0x00003d4e   0x00000002   PAD
    0x00003d50   0x0000001a   Code   RO         3127    .text._ZN4mbed10bind_to_fdEPNS_10FileHandleE  BUILD/LPC1768/ARMC6/mbed-os/platform/source/mbed_retarget.o
    0x00003d6a   0x00000002   PAD
    0x00003d6c   0x00000036   Code   RO          539    .text._ZN4mbed11InterruptIn12_irq_handlerEj14gpio_irq_event  BUILD/LPC1768/ARMC6/mbed-os/drivers/source/InterruptIn.o
    0x00003da2   0x00000002   PAD
    0x00003da4   0x00000052   Code   RO          553    .text._ZN4mbed11InterruptIn4fallENS_8CallbackIFvvEEE  BUILD/LPC1768/ARMC6/mbed-os/drivers/source/InterruptIn.o
    0x00003df6   0x00000002   PAD
    0x00003df8   0x00000052   Code   RO          551    .text._ZN4mbed11InterruptIn4riseENS_8CallbackIFvvEEE  BUILD/LPC1768/ARMC6/mbed-os/drivers/source/InterruptIn.o
    0x00003e4a   0x00000002   PAD
    0x00003e4c   0x00000014   Code   RO          535    .text._ZN4mbed11InterruptIn8irq_initE7PinName  BUILD/LPC1768/ARMC6/mbed-os/drivers/source/InterruptIn.o
    0x00003e60   0x0000004c   Code   RO          533    .text._ZN4mbed11InterruptInC2E7PinName  BUILD/LPC1768/ARMC6/mbed-os/drivers/source/InterruptIn.o
    0x00003eac   0x0000000c   Code   RO          543    .text._ZN4mbed11InterruptInD0Ev  BUILD/LPC1768/ARMC6/mbed-os/drivers/source/InterruptIn.o
    0x00003eb8   0x0000002e   Code   RO          541    .text._ZN4mbed11InterruptInD2Ev  BUILD/LPC1768/ARMC6/mbed-os/drivers/source/InterruptIn.o
    0x00003ee6   0x00000002   PAD
    0x00003ee8   0x00000018   Code   RO          353    .text._ZN4mbed12DigitalInOut4modeE7PinMode  BUILD/LPC1768/ARMC6/mbed-os/drivers/source/DigitalInOut.o
    0x00003f00   0x00000008   Code   RO          227    .text._ZN4mbed12DigitalInOut4readEv  BUILD/LPC1768/ARMC6/mbed-os/drivers/source/BusInOut.o
    0x00003f08   0x00000016   Code   RO          351    .text._ZN4mbed12DigitalInOut5inputEv  BUILD/LPC1768/ARMC6/mbed-os/drivers/source/DigitalInOut.o
    0x00003f1e   0x00000002   PAD
    0x00003f20   0x00000008   Code   RO          225    .text._ZN4mbed12DigitalInOut5writeEi  BUILD/LPC1768/ARMC6/mbed-os/drivers/source/BusInOut.o
    0x00003f28   0x00000016   Code   RO          349    .text._ZN4mbed12DigitalInOut6outputEv  BUILD/LPC1768/ARMC6/mbed-os/drivers/source/DigitalInOut.o
    0x00003f3e   0x00000002   PAD
    0x00003f40   0x0000001c   Code   RO          223    .text._ZN4mbed12DigitalInOutC2E7PinName  BUILD/LPC1768/ARMC6/mbed-os/drivers/source/BusInOut.o
    0x00003f5c   0x00000028   Code   RO          496    .text._ZN4mbed12DigitalInOutC2E7PinName12PinDirection7PinModei  BUILD/LPC1768/ARMC6/mbed-os/drivers/source/I2C.o
    0x00003f84   0x0000000c   Code   RO          500    .text._ZN4mbed12DigitalInOutaSEi  BUILD/LPC1768/ARMC6/mbed-os/drivers/source/I2C.o
    0x00003f90   0x00000008   Code   RO          498    .text._ZN4mbed12DigitalInOutcviEv  BUILD/LPC1768/ARMC6/mbed-os/drivers/source/I2C.o
    0x00003f98   0x0000002e   Code   RO         3123    .text._ZN4mbed16mbed_file_handleEi  BUILD/LPC1768/ARMC6/mbed-os/platform/source/mbed_retarget.o
    0x00003fc6   0x00000002   PAD
    0x00003fc8   0x00000044   Code   RO         3103    .text._ZN4mbed17remove_filehandleEPNS_10FileHandleE  BUILD/LPC1768/ARMC6/mbed-os/platform/source/mbed_retarget.o
    0x0000400c   0x00000004   Code   RO         3121    .text._ZN4mbed21mbed_override_consoleEi  BUILD/LPC1768/ARMC6/mbed-os/platform/source/mbed_retarget.o
    0x00004010   0x0000000a   Code   RO         3135    .text._ZN4mbed26mbed_set_unbuffered_streamEPSt6__FILE  BUILD/LPC1768/ARMC6/mbed-os/platform/source/mbed_retarget.o
    0x0000401a   0x00000002   PAD
    0x0000401c   0x00000004   Code   RO         3119    .text._ZN4mbed28mbed_target_override_consoleEi  BUILD/LPC1768/ARMC6/mbed-os/platform/source/mbed_retarget.o
    0x00004020   0x00000014   Code   RO          477    .text._ZN4mbed3I2C4lockEv  BUILD/LPC1768/ARMC6/mbed-os/drivers/source/I2C.o
    0x00004034   0x0000001c   Code   RO          473    .text._ZN4mbed3I2C5startEv  BUILD/LPC1768/ARMC6/mbed-os/drivers/source/I2C.o
    0x00004050   0x00000048   Code   RO          465    .text._ZN4mbed3I2C5writeEiPKcib  BUILD/LPC1768/ARMC6/mbed-os/drivers/source/I2C.o
    0x00004098   0x0000002e   Code   RO          463    .text._ZN4mbed3I2C6aquireEv  BUILD/LPC1768/ARMC6/mbed-os/drivers/source/I2C.o
    0x000040c6   0x00000002   PAD
    0x000040c8   0x00000014   Code   RO          479    .text._ZN4mbed3I2C6unlockEv  BUILD/LPC1768/ARMC6/mbed-os/drivers/source/I2C.o
    0x000040dc   0x000000e4   Code   RO          457    .text._ZN4mbed3I2C7recoverE7PinNameS1_  BUILD/LPC1768/ARMC6/mbed-os/drivers/source/I2C.o
    0x000041c0   0x0000002c   Code   RO          461    .text._ZN4mbed3I2C9frequencyEi  BUILD/LPC1768/ARMC6/mbed-os/drivers/source/I2C.o
    0x000041ec   0x0000005e   Code   RO          455    .text._ZN4mbed3I2CC2E7PinNameS1_  BUILD/LPC1768/ARMC6/mbed-os/drivers/source/I2C.o
    0x0000424a   0x00000002   PAD
    0x0000424c   0x0000000c   Code   RO          502    .text._ZN4mbed3I2CD0Ev  BUILD/LPC1768/ARMC6/mbed-os/drivers/source/I2C.o
    0x00004258   0x00000002   Code   RO           83    .text._ZN4mbed3I2CD2Ev  BUILD/LPC1768/ARMC6/main.o
    0x0000425a   0x00000002   PAD
    0x0000425c   0x00000022   Code   RO         1086    .text._ZN4mbed5Timer23read_high_resolution_usEv  BUILD/LPC1768/ARMC6/mbed-os/drivers/source/Timer.o
    0x0000427e   0x00000002   PAD
    0x00004280   0x00000038   Code   RO         1080    .text._ZN4mbed5Timer4stopEv  BUILD/LPC1768/ARMC6/mbed-os/drivers/source/Timer.o
    0x000042b8   0x0000001e   Code   RO         1072    .text._ZN4mbed5Timer5resetEv  BUILD/LPC1768/ARMC6/mbed-os/drivers/source/Timer.o
    0x000042d6   0x00000002   PAD
    0x000042d8   0x00000030   Code   RO         1078    .text._ZN4mbed5Timer5startEv  BUILD/LPC1768/ARMC6/mbed-os/drivers/source/Timer.o
    0x00004308   0x00000008   Code   RO         1084    .text._ZN4mbed5Timer7read_usEv  BUILD/LPC1768/ARMC6/mbed-os/drivers/source/Timer.o
    0x00004310   0x0000002c   Code   RO         1082    .text._ZN4mbed5Timer9slicetimeEv  BUILD/LPC1768/ARMC6/mbed-os/drivers/source/Timer.o
    0x0000433c   0x00000024   Code   RO         1070    .text._ZN4mbed5TimerC2Ev  BUILD/LPC1768/ARMC6/mbed-os/drivers/source/Timer.o
    0x00004360   0x00000022   Code   RO         1076    .text._ZN4mbed5TimerD2Ev  BUILD/LPC1768/ARMC6/mbed-os/drivers/source/Timer.o
    0x00004382   0x00000002   PAD
    0x00004384   0x0000000a   Code   RO          913    .text._ZN4mbed6Serial4lockEv  BUILD/LPC1768/ARMC6/mbed-os/drivers/source/Serial.o
    0x0000438e   0x00000002   PAD
    0x00004390   0x00000008   Code   RO          905    .text._ZN4mbed6Serial5_getcEv  BUILD/LPC1768/ARMC6/mbed-os/drivers/source/Serial.o
    0x00004398   0x00000008   Code   RO          909    .text._ZN4mbed6Serial5_putcEi  BUILD/LPC1768/ARMC6/mbed-os/drivers/source/Serial.o
    0x000043a0   0x0000000a   Code   RO          917    .text._ZN4mbed6Serial6unlockEv  BUILD/LPC1768/ARMC6/mbed-os/drivers/source/Serial.o
    0x000043aa   0x00000002   PAD
    0x000043ac   0x0000000e   Code   RO         4527    .text._ZN4mbed6Serial8readableEv  BUILD/LPC1768/ARMC6/nlib/StringSerial/stringserial.o
    0x000043ba   0x00000002   PAD
    0x000043bc   0x00000038   Code   RO          897    .text._ZN4mbed6SerialC2E7PinNameS1_PKci  BUILD/LPC1768/ARMC6/mbed-os/drivers/source/Serial.o
    0x000043f4   0x0000000c   Code   RO          929    .text._ZN4mbed6SerialD0Ev  BUILD/LPC1768/ARMC6/mbed-os/drivers/source/Serial.o
    0x00004400   0x0000001a   Code   RO           79    .text._ZN4mbed6SerialD2Ev  BUILD/LPC1768/ARMC6/main.o
    0x0000441a   0x00000002   PAD
    0x0000441c   0x00000026   Code   RO         2471    .text._ZN4mbed6Stream4getcEv  BUILD/LPC1768/ARMC6/mbed-os/platform/source/Stream.o
    0x00004442   0x00000002   PAD
    0x00004444   0x00000002   Code   RO         2511    .text._ZN4mbed6Stream4lockEv  BUILD/LPC1768/ARMC6/mbed-os/platform/source/Stream.o
    0x00004446   0x00000002   PAD
    0x00004448   0x0000002e   Code   RO         2467    .text._ZN4mbed6Stream4putcEi  BUILD/LPC1768/ARMC6/mbed-os/platform/source/Stream.o
    0x00004476   0x00000002   PAD
    0x00004478   0x0000003a   Code   RO         2479    .text._ZN4mbed6Stream4readEPvj  BUILD/LPC1768/ARMC6/mbed-os/platform/source/Stream.o
    0x000044b2   0x00000002   PAD
    0x000044b4   0x00000004   Code   RO         2481    .text._ZN4mbed6Stream4seekEli  BUILD/LPC1768/ARMC6/mbed-os/platform/source/Stream.o
    0x000044b8   0x00000004   Code   RO         2491    .text._ZN4mbed6Stream4sizeEv  BUILD/LPC1768/ARMC6/mbed-os/platform/source/Stream.o
    0x000044bc   0x00000004   Code   RO         2489    .text._ZN4mbed6Stream4syncEv  BUILD/LPC1768/ARMC6/mbed-os/platform/source/Stream.o
    0x000044c0   0x00000004   Code   RO         2483    .text._ZN4mbed6Stream4tellEv  BUILD/LPC1768/ARMC6/mbed-os/platform/source/Stream.o
    0x000044c4   0x00000004   Code   RO         2475    .text._ZN4mbed6Stream5closeEv  BUILD/LPC1768/ARMC6/mbed-os/platform/source/Stream.o
    0x000044c8   0x00000038   Code   RO         2477    .text._ZN4mbed6Stream5writeEPKvj  BUILD/LPC1768/ARMC6/mbed-os/platform/source/Stream.o
    0x00004500   0x00000004   Code   RO         2487    .text._ZN4mbed6Stream6isattyEv  BUILD/LPC1768/ARMC6/mbed-os/platform/source/Stream.o
    0x00004504   0x00000044   Code   RO         2493    .text._ZN4mbed6Stream6printfEPKcz  BUILD/LPC1768/ARMC6/mbed-os/platform/source/Stream.o
    0x00004548   0x00000002   Code   RO         2485    .text._ZN4mbed6Stream6rewindEv  BUILD/LPC1768/ARMC6/mbed-os/platform/source/Stream.o
    0x0000454a   0x00000002   PAD
    0x0000454c   0x00000002   Code   RO         2513    .text._ZN4mbed6Stream6unlockEv  BUILD/LPC1768/ARMC6/mbed-os/platform/source/Stream.o
    0x0000454e   0x00000002   PAD
    0x00004550   0x00000064   Code   RO         2457    .text._ZN4mbed6StreamC2EPKc  BUILD/LPC1768/ARMC6/mbed-os/platform/source/Stream.o
    0x000045b4   0x00000002   Code   RO         2463    .text._ZN4mbed6StreamD0Ev  BUILD/LPC1768/ARMC6/mbed-os/platform/source/Stream.o
    0x000045b6   0x00000002   PAD
    0x000045b8   0x00000026   Code   RO         2459    .text._ZN4mbed6StreamD2Ev  BUILD/LPC1768/ARMC6/mbed-os/platform/source/Stream.o
    0x000045de   0x00000002   PAD
    0x000045e0   0x0000002e   Code   RO         1040    .text._ZN4mbed6Ticker5setupEy  BUILD/LPC1768/ARMC6/mbed-os/drivers/source/Ticker.o
    0x0000460e   0x00000002   PAD
    0x00004610   0x00000048   Code   RO         1038    .text._ZN4mbed6Ticker6detachEv  BUILD/LPC1768/ARMC6/mbed-os/drivers/source/Ticker.o
    0x00004658   0x0000002c   Code   RO         1042    .text._ZN4mbed6Ticker7handlerEv  BUILD/LPC1768/ARMC6/mbed-os/drivers/source/Ticker.o
    0x00004684   0x00000042   Code   RO         1044    .text._ZN4mbed6Ticker9attach_usENS_8CallbackIFvvEEEy  BUILD/LPC1768/ARMC6/mbed-os/drivers/source/Ticker.o
    0x000046c6   0x00000002   PAD
    0x000046c8   0x0000002e   Code   RO         1034    .text._ZN4mbed6TickerC2Ev  BUILD/LPC1768/ARMC6/mbed-os/drivers/source/Ticker.o
    0x000046f6   0x00000002   PAD
    0x000046f8   0x0000000c   Code   RO         1054    .text._ZN4mbed6TickerD0Ev  BUILD/LPC1768/ARMC6/mbed-os/drivers/source/Ticker.o
    0x00004704   0x00000028   Code   RO           63    .text._ZN4mbed6TickerD2Ev  BUILD/LPC1768/ARMC6/main.o
    0x0000472c   0x0000002e   Code   RO         3137    .text._ZN4mbed6fdopenEPNS_10FileHandleEPKc  BUILD/LPC1768/ARMC6/mbed-os/platform/source/mbed_retarget.o
    0x0000475a   0x00000002   PAD
    0x0000475c   0x00000008   Code   RO         4270    .text._ZN4mbed8CallbackIFvvEE13function_callINS2_14method_contextI12nBlock_BlinkMS5_FvvEEEEEvPKv  BUILD/LPC1768/ARMC6/nlib/Blink/blink.o
    0x00004764   0x00000008   Code   RO         4549    .text._ZN4mbed8CallbackIFvvEE13function_callINS2_14method_contextI13nBlock_TickerMS5_FvvEEEEEvPKv  BUILD/LPC1768/ARMC6/nlib/Ticker/ticker.o
    0x0000476c   0x00000008   Code   RO         4587    .text._ZN4mbed8CallbackIFvvEE13function_callINS2_14method_contextI17nBlock_USonicEchoMS5_FvvEEEEEvPKv  BUILD/LPC1768/ARMC6/nlib/USonicEcho/USonicEcho.o
    0x00004774   0x00000008   Code   RO          330    .text._ZN4mbed8CallbackIFvvEE13function_callIPS1_EEvPKv  BUILD/LPC1768/ARMC6/mbed-os/drivers/source/CAN.o
    0x0000477c   0x00000002   Code   RO         4274    .text._ZN4mbed8CallbackIFvvEE13function_dtorINS2_14method_contextI12nBlock_BlinkMS5_FvvEEEEEvPv  BUILD/LPC1768/ARMC6/nlib/Blink/blink.o
    0x0000477e   0x00000002   PAD
    0x00004780   0x00000002   Code   RO         4553    .text._ZN4mbed8CallbackIFvvEE13function_dtorINS2_14method_contextI13nBlock_TickerMS5_FvvEEEEEvPv  BUILD/LPC1768/ARMC6/nlib/Ticker/ticker.o
    0x00004782   0x00000002   PAD
    0x00004784   0x00000002   Code   RO         4591    .text._ZN4mbed8CallbackIFvvEE13function_dtorINS2_14method_contextI17nBlock_USonicEchoMS5_FvvEEEEEvPv  BUILD/LPC1768/ARMC6/nlib/USonicEcho/USonicEcho.o
    0x00004786   0x00000002   PAD
    0x00004788   0x00000002   Code   RO          334    .text._ZN4mbed8CallbackIFvvEE13function_dtorIPS1_EEvPv  BUILD/LPC1768/ARMC6/mbed-os/drivers/source/CAN.o
    0x0000478a   0x00000002   PAD
    0x0000478c   0x0000000e   Code   RO         4272    .text._ZN4mbed8CallbackIFvvEE13function_moveINS2_14method_contextI12nBlock_BlinkMS5_FvvEEEEEvPvPKv  BUILD/LPC1768/ARMC6/nlib/Blink/blink.o
    0x0000479a   0x00000002   PAD
    0x0000479c   0x0000000e   Code   RO         4551    .text._ZN4mbed8CallbackIFvvEE13function_moveINS2_14method_contextI13nBlock_TickerMS5_FvvEEEEEvPvPKv  BUILD/LPC1768/ARMC6/nlib/Ticker/ticker.o
    0x000047aa   0x00000002   PAD
    0x000047ac   0x0000000e   Code   RO         4589    .text._ZN4mbed8CallbackIFvvEE13function_moveINS2_14method_contextI17nBlock_USonicEchoMS5_FvvEEEEEvPvPKv  BUILD/LPC1768/ARMC6/nlib/USonicEcho/USonicEcho.o
    0x000047ba   0x00000002   PAD
    0x000047bc   0x00000006   Code   RO          332    .text._ZN4mbed8CallbackIFvvEE13function_moveIPS1_EEvPvPKv  BUILD/LPC1768/ARMC6/mbed-os/drivers/source/CAN.o
    0x000047c2   0x00000002   PAD
    0x000047c4   0x00000008   Code   RO         4268    .text._ZN4mbed8CallbackIFvvEE14method_contextI12nBlock_BlinkMS4_FvvEEC2EPS4_S6_  BUILD/LPC1768/ARMC6/nlib/Blink/blink.o
    0x000047cc   0x00000008   Code   RO         4547    .text._ZN4mbed8CallbackIFvvEE14method_contextI13nBlock_TickerMS4_FvvEEC2EPS4_S6_  BUILD/LPC1768/ARMC6/nlib/Ticker/ticker.o
    0x000047d4   0x00000008   Code   RO         4585    .text._ZN4mbed8CallbackIFvvEE14method_contextI17nBlock_USonicEchoMS4_FvvEEC2EPS4_S6_  BUILD/LPC1768/ARMC6/nlib/USonicEcho/USonicEcho.o
    0x000047dc   0x00000022   Code   RO         4266    .text._ZN4mbed8CallbackIFvvEE8generateINS2_14method_contextI12nBlock_BlinkMS5_FvvEEEEEvRKT_  BUILD/LPC1768/ARMC6/nlib/Blink/blink.o
    0x000047fe   0x00000002   PAD
    0x00004800   0x00000022   Code   RO         4545    .text._ZN4mbed8CallbackIFvvEE8generateINS2_14method_contextI13nBlock_TickerMS5_FvvEEEEEvRKT_  BUILD/LPC1768/ARMC6/nlib/Ticker/ticker.o
    0x00004822   0x00000002   PAD
    0x00004824   0x00000022   Code   RO         4583    .text._ZN4mbed8CallbackIFvvEE8generateINS2_14method_contextI17nBlock_USonicEchoMS5_FvvEEEEEvRKT_  BUILD/LPC1768/ARMC6/nlib/USonicEcho/USonicEcho.o
    0x00004846   0x00000002   PAD
    0x00004848   0x0000001a   Code   RO          328    .text._ZN4mbed8CallbackIFvvEE8generateIPS1_EEvRKT_  BUILD/LPC1768/ARMC6/mbed-os/drivers/source/CAN.o
    0x00004862   0x00000002   PAD
    0x00004864   0x00000024   Code   RO          320    .text._ZN4mbed8CallbackIFvvEEC2EPS1_  BUILD/LPC1768/ARMC6/mbed-os/drivers/source/CAN.o
    0x00004888   0x00000024   Code   RO          336    .text._ZN4mbed8CallbackIFvvEEC2ERKS2_  BUILD/LPC1768/ARMC6/mbed-os/drivers/source/CAN.o
    0x000048ac   0x0000001c   Code   RO         4264    .text._ZN4mbed8CallbackIFvvEEC2I12nBlock_BlinkS4_EEPT0_MT_FvvE  BUILD/LPC1768/ARMC6/nlib/Blink/blink.o
    0x000048c8   0x0000001c   Code   RO         4543    .text._ZN4mbed8CallbackIFvvEEC2I13nBlock_TickerS4_EEPT0_MT_FvvE  BUILD/LPC1768/ARMC6/nlib/Ticker/ticker.o
    0x000048e4   0x0000001c   Code   RO         4581    .text._ZN4mbed8CallbackIFvvEEC2I17nBlock_USonicEchoS4_EEPT0_MT_FvvE  BUILD/LPC1768/ARMC6/nlib/USonicEcho/USonicEcho.o
    0x00004900   0x00000012   Code   RO           77    .text._ZN4mbed8CallbackIFvvEED2Ev  BUILD/LPC1768/ARMC6/main.o
    0x00004912   0x00000002   PAD
    0x00004914   0x0000001a   Code   RO          324    .text._ZN4mbed8CallbackIFvvEEaSERKS2_  BUILD/LPC1768/ARMC6/mbed-os/drivers/source/CAN.o
    0x0000492e   0x00000002   PAD
    0x00004930   0x00000004   Code   RO         2274    .text._ZN4mbed8FileBase11getPathTypeEv  BUILD/LPC1768/ARMC6/mbed-os/platform/source/FileBase.o
    0x00004934   0x000000a4   Code   RO         2280    .text._ZN4mbed8FileBase6lookupEPKcj  BUILD/LPC1768/ARMC6/mbed-os/platform/source/FileBase.o
    0x000049d8   0x00000052   Code   RO         2270    .text._ZN4mbed8FileBaseC2EPKcNS_8PathTypeE  BUILD/LPC1768/ARMC6/mbed-os/platform/source/FileBase.o
    0x00004a2a   0x00000002   PAD
    0x00004a2c   0x0000000c   Code   RO         2276    .text._ZN4mbed8FileBaseD0Ev  BUILD/LPC1768/ARMC6/mbed-os/platform/source/FileBase.o
    0x00004a38   0x0000007a   Code   RO         2272    .text._ZN4mbed8FileBaseD2Ev  BUILD/LPC1768/ARMC6/mbed-os/platform/source/FileBase.o
    0x00004ab2   0x00000002   PAD
    0x00004ab4   0x0000002c   Code   RO         2509    .text._ZN4mbed8FileLikeC2EPKc  BUILD/LPC1768/ARMC6/mbed-os/platform/source/Stream.o
    0x00004ae0   0x00000002   Code   RO         2517    .text._ZN4mbed8FileLikeD0Ev  BUILD/LPC1768/ARMC6/mbed-os/platform/source/Stream.o
    0x00004ae2   0x00000002   PAD
    0x00004ae4   0x00000012   Code   RO         2515    .text._ZN4mbed8FileLikeD2Ev  BUILD/LPC1768/ARMC6/mbed-os/platform/source/Stream.o
    0x00004af6   0x00000002   PAD
    0x00004af8   0x0000001a   Code   RO         2321    .text._ZN4mbed8FilePath10fileSystemEv  BUILD/LPC1768/ARMC6/mbed-os/platform/source/FilePath.o
    0x00004b12   0x00000002   PAD
    0x00004b14   0x00000018   Code   RO         2319    .text._ZN4mbed8FilePath12isFileSystemEv  BUILD/LPC1768/ARMC6/mbed-os/platform/source/FilePath.o
    0x00004b2c   0x0000001a   Code   RO         2325    .text._ZN4mbed8FilePath4fileEv  BUILD/LPC1768/ARMC6/mbed-os/platform/source/FilePath.o
    0x00004b46   0x00000002   PAD
    0x00004b48   0x0000000a   Code   RO         2327    .text._ZN4mbed8FilePath6existsEv  BUILD/LPC1768/ARMC6/mbed-os/platform/source/FilePath.o
    0x00004b52   0x00000002   PAD
    0x00004b54   0x00000016   Code   RO         2323    .text._ZN4mbed8FilePath6isFileEv  BUILD/LPC1768/ARMC6/mbed-os/platform/source/FilePath.o
    0x00004b6a   0x00000002   PAD
    0x00004b6c   0x00000004   Code   RO         2317    .text._ZN4mbed8FilePath8fileNameEv  BUILD/LPC1768/ARMC6/mbed-os/platform/source/FilePath.o
    0x00004b70   0x00000088   Code   RO         2315    .text._ZN4mbed8FilePathC2EPKc  BUILD/LPC1768/ARMC6/mbed-os/platform/source/FilePath.o
    0x00004bf8   0x00000008   Code   RO         4260    .text._ZN4mbed8callbackI12nBlock_BlinkS1_vJEEENS_8CallbackIFT1_DpT2_EEEPT0_MT_FS3_S5_E  BUILD/LPC1768/ARMC6/nlib/Blink/blink.o
    0x00004c00   0x00000008   Code   RO         4541    .text._ZN4mbed8callbackI13nBlock_TickerS1_vJEEENS_8CallbackIFT1_DpT2_EEEPT0_MT_FS3_S5_E  BUILD/LPC1768/ARMC6/nlib/Ticker/ticker.o
    0x00004c08   0x00000008   Code   RO         4579    .text._ZN4mbed8callbackI17nBlock_USonicEchoS1_vJEEENS_8CallbackIFT1_DpT2_EEEPT0_MT_FS3_S5_E  BUILD/LPC1768/ARMC6/nlib/USonicEcho/USonicEcho.o
    0x00004c10   0x0000003e   Code   RO         3113    .text._ZNK12DirectSerial4pollEs  BUILD/LPC1768/ARMC6/mbed-os/platform/source/mbed_retarget.o
    0x00004c4e   0x00000002   PAD
    0x00004c50   0x0000007c   Code   RO          117    .text._ZNK12SingletonPtrI13PlatformMutexE3getEv  BUILD/LPC1768/ARMC6/mbed-os/drivers/source/AnalogIn.o
    0x00004ccc   0x00000008   Code   RO          113    .text._ZNK12SingletonPtrI13PlatformMutexEptEv  BUILD/LPC1768/ARMC6/mbed-os/drivers/source/AnalogIn.o
    0x00004cd4   0x00000004   Code   RO          945    .text._ZNK4mbed10FileHandle11is_blockingEv  BUILD/LPC1768/ARMC6/mbed-os/drivers/source/Serial.o
    0x00004cd8   0x00000004   Code   RO          951    .text._ZNK4mbed10FileHandle4pollEs  BUILD/LPC1768/ARMC6/mbed-os/drivers/source/Serial.o
    0x00004cdc   0x00000018   Code   RO         4276    .text._ZNK4mbed8CallbackIFvvEE14method_contextI12nBlock_BlinkMS4_FvvEEclEv  BUILD/LPC1768/ARMC6/nlib/Blink/blink.o
    0x00004cf4   0x00000018   Code   RO         4555    .text._ZNK4mbed8CallbackIFvvEE14method_contextI13nBlock_TickerMS4_FvvEEclEv  BUILD/LPC1768/ARMC6/nlib/Ticker/ticker.o
    0x00004d0c   0x00000018   Code   RO         4593    .text._ZNK4mbed8CallbackIFvvEE14method_contextI17nBlock_USonicEchoMS4_FvvEEclEv  BUILD/LPC1768/ARMC6/nlib/USonicEcho/USonicEcho.o
    0x00004d24   0x00000040   Code   RO          326    .text._ZNK4mbed8CallbackIFvvEE4callEv  BUILD/LPC1768/ARMC6/mbed-os/drivers/source/CAN.o
    0x00004d64   0x00000008   Code   RO          569    .text._ZNK4mbed8CallbackIFvvEEclEv  BUILD/LPC1768/ARMC6/mbed-os/drivers/source/InterruptIn.o
    0x00004d6c   0x0000000a   Code   RO          322    .text._ZNK4mbed8CallbackIFvvEEcvbEv  BUILD/LPC1768/ARMC6/mbed-os/drivers/source/CAN.o
    0x00004d76   0x00000002   PAD
    0x00004d78   0x00000004   Code   RO         4489    .text._ZNKSt3__220__vector_base_commonILb1EE20__throw_length_errorEv  BUILD/LPC1768/ARMC6/nlib/OLEDisplay/OLEDisplay.o
    0x00004d7c   0x00000006   Code   RO         4487    .text._ZNKSt3__26vectorIhNS_9allocatorIhEEE8max_sizeEv  BUILD/LPC1768/ARMC6/nlib/OLEDisplay/OLEDisplay.o
    0x00004d82   0x00000002   PAD
    0x00004d84   0x00000012   Code   RO         4422    .text._ZNSt3__213__vector_baseIhNS_9allocatorIhEEED2Ev  BUILD/LPC1768/ARMC6/nlib/OLEDisplay/Adafruit_GFX/Adafruit_SSD1306.o
    0x00004d96   0x00000002   PAD
    0x00004d98   0x00000034   Code   RO         4477    .text._ZNSt3__214__split_bufferIhRNS_9allocatorIhEEE18__construct_at_endEj  BUILD/LPC1768/ARMC6/nlib/OLEDisplay/OLEDisplay.o
    0x00004dcc   0x0000000e   Code   RO         4491    .text._ZNSt3__214__split_bufferIhRNS_9allocatorIhEEE21_ConstructTransactionC2EPPhj  BUILD/LPC1768/ARMC6/nlib/OLEDisplay/OLEDisplay.o
    0x00004dda   0x00000002   PAD
    0x00004ddc   0x00000008   Code   RO         4493    .text._ZNSt3__214__split_bufferIhRNS_9allocatorIhEEE21_ConstructTransactionD2Ev  BUILD/LPC1768/ARMC6/nlib/OLEDisplay/OLEDisplay.o
    0x00004de4   0x00000026   Code   RO         4475    .text._ZNSt3__214__split_bufferIhRNS_9allocatorIhEEEC2EjjS3_  BUILD/LPC1768/ARMC6/nlib/OLEDisplay/OLEDisplay.o
    0x00004e0a   0x00000002   PAD
    0x00004e0c   0x00000022   Code   RO         4481    .text._ZNSt3__214__split_bufferIhRNS_9allocatorIhEEED2Ev  BUILD/LPC1768/ARMC6/nlib/OLEDisplay/OLEDisplay.o
    0x00004e2e   0x00000002   PAD
    0x00004e30   0x0000002c   Code   RO         4473    .text._ZNSt3__26vectorIhNS_9allocatorIhEEE18__construct_at_endEj  BUILD/LPC1768/ARMC6/nlib/OLEDisplay/OLEDisplay.o
    0x00004e5c   0x0000000c   Code   RO         4483    .text._ZNSt3__26vectorIhNS_9allocatorIhEEE21_ConstructTransactionC2ERS3_j  BUILD/LPC1768/ARMC6/nlib/OLEDisplay/OLEDisplay.o
    0x00004e68   0x00000008   Code   RO         4485    .text._ZNSt3__26vectorIhNS_9allocatorIhEEE21_ConstructTransactionD2Ev  BUILD/LPC1768/ARMC6/nlib/OLEDisplay/OLEDisplay.o
    0x00004e70   0x00000038   Code   RO         4479    .text._ZNSt3__26vectorIhNS_9allocatorIhEEE26__swap_out_circular_bufferERNS_14__split_bufferIhRS2_EE  BUILD/LPC1768/ARMC6/nlib/OLEDisplay/OLEDisplay.o
    0x00004ea8   0x0000001c   Code   RO         4461    .text._ZNSt3__26vectorIhNS_9allocatorIhEEE6resizeEj  BUILD/LPC1768/ARMC6/nlib/OLEDisplay/OLEDisplay.o
    0x00004ec4   0x00000074   Code   RO         4471    .text._ZNSt3__26vectorIhNS_9allocatorIhEEE8__appendEj  BUILD/LPC1768/ARMC6/nlib/OLEDisplay/OLEDisplay.o
    0x00004f38   0x00000006   Code   RO          915    .text._ZThn104_N4mbed6Serial4lockEv  BUILD/LPC1768/ARMC6/mbed-os/drivers/source/Serial.o
    0x00004f3e   0x00000002   PAD
    0x00004f40   0x00000006   Code   RO          907    .text._ZThn104_N4mbed6Serial5_getcEv  BUILD/LPC1768/ARMC6/mbed-os/drivers/source/Serial.o
    0x00004f46   0x00000002   PAD
    0x00004f48   0x00000006   Code   RO          911    .text._ZThn104_N4mbed6Serial5_putcEi  BUILD/LPC1768/ARMC6/mbed-os/drivers/source/Serial.o
    0x00004f4e   0x00000002   PAD
    0x00004f50   0x00000006   Code   RO          919    .text._ZThn104_N4mbed6Serial6unlockEv  BUILD/LPC1768/ARMC6/mbed-os/drivers/source/Serial.o
    0x00004f56   0x00000002   PAD
    0x00004f58   0x00000006   Code   RO          933    .text._ZThn104_N4mbed6SerialD0Ev  BUILD/LPC1768/ARMC6/mbed-os/drivers/source/Serial.o
    0x00004f5e   0x00000002   PAD
    0x00004f60   0x00000006   Code   RO          931    .text._ZThn104_N4mbed6SerialD1Ev  BUILD/LPC1768/ARMC6/mbed-os/drivers/source/Serial.o
    0x00004f66   0x00000002   PAD
    0x00004f68   0x00000006   Code   RO          957    .text._ZThn108_N4mbed6SerialD0Ev  BUILD/LPC1768/ARMC6/mbed-os/drivers/source/Serial.o
    0x00004f6e   0x00000002   PAD
    0x00004f70   0x00000006   Code   RO          955    .text._ZThn108_N4mbed6SerialD1Ev  BUILD/LPC1768/ARMC6/mbed-os/drivers/source/Serial.o
    0x00004f76   0x00000002   PAD
    0x00004f78   0x00000006   Code   RO         4469    .text._ZThn4_N12Adafruit_GFXD0Ev  BUILD/LPC1768/ARMC6/nlib/OLEDisplay/OLEDisplay.o
    0x00004f7e   0x00000002   PAD
    0x00004f80   0x00000006   Code   RO         4467    .text._ZThn4_N12Adafruit_GFXD1Ev  BUILD/LPC1768/ARMC6/nlib/OLEDisplay/OLEDisplay.o
    0x00004f86   0x00000002   PAD
    0x00004f88   0x00000006   Code   RO         4420    .text._ZThn4_N16Adafruit_SSD1306D0Ev  BUILD/LPC1768/ARMC6/nlib/OLEDisplay/Adafruit_GFX/Adafruit_SSD1306.o
    0x00004f8e   0x00000002   PAD
    0x00004f90   0x00000006   Code   RO         4418    .text._ZThn4_N16Adafruit_SSD1306D1Ev  BUILD/LPC1768/ARMC6/nlib/OLEDisplay/Adafruit_GFX/Adafruit_SSD1306.o
    0x00004f96   0x00000002   PAD
    0x00004f98   0x00000006   Code   RO         4455    .text._ZThn4_N20Adafruit_SSD1306_I2cD0Ev  BUILD/LPC1768/ARMC6/nlib/OLEDisplay/OLEDisplay.o
    0x00004f9e   0x00000002   PAD
    0x00004fa0   0x00000006   Code   RO         4453    .text._ZThn4_N20Adafruit_SSD1306_I2cD1Ev  BUILD/LPC1768/ARMC6/nlib/OLEDisplay/OLEDisplay.o
    0x00004fa6   0x00000002   PAD
    0x00004fa8   0x00000004   Code   RO         2465    .text._ZThn4_N4mbed6StreamD0Ev  BUILD/LPC1768/ARMC6/mbed-os/platform/source/Stream.o
    0x00004fac   0x00000006   Code   RO         2461    .text._ZThn4_N4mbed6StreamD1Ev  BUILD/LPC1768/ARMC6/mbed-os/platform/source/Stream.o
    0x00004fb2   0x00000002   PAD
    0x00004fb4   0x00000006   Code   RO         2521    .text._ZThn4_N4mbed8FileLikeD0Ev  BUILD/LPC1768/ARMC6/mbed-os/platform/source/Stream.o
    0x00004fba   0x00000002   PAD
    0x00004fbc   0x00000006   Code   RO         2519    .text._ZThn4_N4mbed8FileLikeD1Ev  BUILD/LPC1768/ARMC6/mbed-os/platform/source/Stream.o
    0x00004fc2   0x00000002   PAD
    0x00004fc4   0x00000008   Code   RO         3257    .text._ZdlPv        BUILD/LPC1768/ARMC6/mbed-os/platform/source/mbed_retarget.o
    0x00004fcc   0x0000004c   Code   RO         3249    .text._Znwj         BUILD/LPC1768/ARMC6/mbed-os/platform/source/mbed_retarget.o
    0x00005018   0x0000001e   Code   RO         3966    .text.__NVIC_DisableIRQ  BUILD/LPC1768/ARMC6/mbed-os/targets/TARGET_NXP/TARGET_LPC176X/serial_api.o
    0x00005036   0x00000002   PAD
    0x00005038   0x00000016   Code   RO         4081    .text.__NVIC_DisableIRQ  BUILD/LPC1768/ARMC6/mbed-os/targets/TARGET_NXP/TARGET_LPC176X/us_ticker.o
    0x0000504e   0x00000002   PAD
    0x00005050   0x00000010   Code   RO         3722    .text.__NVIC_EnableIRQ  BUILD/LPC1768/ARMC6/mbed-os/targets/TARGET_NXP/TARGET_LPC176X/gpio_irq_api.o
    0x00005060   0x00000016   Code   RO         3964    .text.__NVIC_EnableIRQ  BUILD/LPC1768/ARMC6/mbed-os/targets/TARGET_NXP/TARGET_LPC176X/serial_api.o
    0x00005076   0x00000002   PAD
    0x00005078   0x0000000e   Code   RO         4067    .text.__NVIC_EnableIRQ  BUILD/LPC1768/ARMC6/mbed-os/targets/TARGET_NXP/TARGET_LPC176X/us_ticker.o
    0x00005086   0x00000002   PAD
    0x00005088   0x0000000e   Code   RO         4075    .text.__NVIC_SetPendingIRQ  BUILD/LPC1768/ARMC6/mbed-os/targets/TARGET_NXP/TARGET_LPC176X/us_ticker.o
    0x00005096   0x00000002   PAD
    0x00005098   0x00000018   Code   RO         3718    .text.__NVIC_SetVector  BUILD/LPC1768/ARMC6/mbed-os/targets/TARGET_NXP/TARGET_LPC176X/gpio_irq_api.o
    0x000050b0   0x00000014   Code   RO         3962    .text.__NVIC_SetVector  BUILD/LPC1768/ARMC6/mbed-os/targets/TARGET_NXP/TARGET_LPC176X/serial_api.o
    0x000050c4   0x00000016   Code   RO         4065    .text.__NVIC_SetVector  BUILD/LPC1768/ARMC6/mbed-os/targets/TARGET_NXP/TARGET_LPC176X/us_ticker.o
    0x000050da   0x00000002   PAD
    0x000050dc   0x00000004   Code   RO         3223    .text.__cxa_atexit  BUILD/LPC1768/ARMC6/mbed-os/platform/source/mbed_retarget.o
    0x000050e0   0x00000058   Code   RO         3243    .text.__cxa_guard_acquire  BUILD/LPC1768/ARMC6/mbed-os/platform/source/mbed_retarget.o
    0x00005138   0x0000002e   Code   RO         3245    .text.__cxa_guard_release  BUILD/LPC1768/ARMC6/mbed-os/platform/source/mbed_retarget.o
    0x00005166   0x00000002   PAD
    0x00005168   0x00000028   Code   RO         4900    .text.__cxa_pure_virtual  c:\Users\nikolaos.chalikias\AppData\Local\Mbed Studio\mbed-studio-tools\ac6\bin\..\lib\libcxx\libcppabi_w.l(cxa_virtual.cpp.o)
    0x00005190   0x0000002c   Code   RO            3    .text.__cxx_global_var_init  BUILD/LPC1768/ARMC6/main.o
    0x000051bc   0x00000028   Code   RO         4301    .text.__cxx_global_var_init  BUILD/LPC1768/ARMC6/nlib/KernelNode/nworkbench.o
    0x000051e4   0x00000032   Code   RO            5    .text.__cxx_global_var_init.1  BUILD/LPC1768/ARMC6/main.o
    0x00005216   0x00000002   PAD
    0x00005218   0x0000002e   Code   RO           21    .text.__cxx_global_var_init.10  BUILD/LPC1768/ARMC6/main.o
    0x00005246   0x00000002   PAD
    0x00005248   0x0000002e   Code   RO           23    .text.__cxx_global_var_init.11  BUILD/LPC1768/ARMC6/main.o
    0x00005276   0x00000002   PAD
    0x00005278   0x0000002e   Code   RO           25    .text.__cxx_global_var_init.12  BUILD/LPC1768/ARMC6/main.o
    0x000052a6   0x00000002   PAD
    0x000052a8   0x00000028   Code   RO            7    .text.__cxx_global_var_init.2  BUILD/LPC1768/ARMC6/main.o
    0x000052d0   0x00000032   Code   RO            9    .text.__cxx_global_var_init.3  BUILD/LPC1768/ARMC6/main.o
    0x00005302   0x00000002   PAD
    0x00005304   0x00000028   Code   RO           11    .text.__cxx_global_var_init.4  BUILD/LPC1768/ARMC6/main.o
    0x0000532c   0x00000036   Code   RO           13    .text.__cxx_global_var_init.6  BUILD/LPC1768/ARMC6/main.o
    0x00005362   0x00000002   PAD
    0x00005364   0x00000032   Code   RO           15    .text.__cxx_global_var_init.7  BUILD/LPC1768/ARMC6/main.o
    0x00005396   0x00000002   PAD
    0x00005398   0x0000002e   Code   RO           17    .text.__cxx_global_var_init.8  BUILD/LPC1768/ARMC6/main.o
    0x000053c6   0x00000002   PAD
    0x000053c8   0x0000002e   Code   RO           19    .text.__cxx_global_var_init.9  BUILD/LPC1768/ARMC6/main.o
    0x000053f6   0x00000002   PAD
    0x000053f8   0x00000024   Code   RO         1913    .text._gpio_init_in  BUILD/LPC1768/ARMC6/mbed-os/hal/mbed_gpio.o
    0x0000541c   0x00000030   Code   RO         1919    .text._gpio_init_out  BUILD/LPC1768/ARMC6/mbed-os/hal/mbed_gpio.o
    0x0000544c   0x0000000c   Code   RO         3354    .text._platform_post_stackheap_init  BUILD/LPC1768/ARMC6/mbed-os/platform/source/mbed_sdk_boot.o
    0x00005458   0x00000008   Code   RO         3149    .text._sys_close    BUILD/LPC1768/ARMC6/mbed-os/platform/source/mbed_retarget.o
    0x00005460   0x00000002   Code   RO         3157    .text._sys_exit     BUILD/LPC1768/ARMC6/mbed-os/platform/source/mbed_retarget.o
    0x00005462   0x00000002   PAD
    0x00005464   0x00000028   Code   RO         3177    .text._sys_flen     BUILD/LPC1768/ARMC6/mbed-os/platform/source/mbed_retarget.o
    0x0000548c   0x00000008   Code   RO         3165    .text._sys_istty    BUILD/LPC1768/ARMC6/mbed-os/platform/source/mbed_retarget.o
    0x00005494   0x0000006a   Code   RO         3141    .text._sys_open     BUILD/LPC1768/ARMC6/mbed-os/platform/source/mbed_retarget.o
    0x000054fe   0x00000002   PAD
    0x00005500   0x0000002a   Code   RO         3161    .text._sys_read     BUILD/LPC1768/ARMC6/mbed-os/platform/source/mbed_retarget.o
    0x0000552a   0x00000002   PAD
    0x0000552c   0x0000000a   Code   RO         3167    .text._sys_seek     BUILD/LPC1768/ARMC6/mbed-os/platform/source/mbed_retarget.o
    0x00005536   0x00000002   PAD
    0x00005538   0x00000036   Code   RO         3153    .text._sys_write    BUILD/LPC1768/ARMC6/mbed-os/platform/source/mbed_retarget.o
    0x0000556e   0x00000002   PAD
    0x00005570   0x00000030   Code   RO         1989    .text._ticker_match_interval_passed  BUILD/LPC1768/ARMC6/mbed-os/hal/mbed_ticker_api.o
    0x000055a0   0x00000018   Code   RO         3159    .text._ttywrch      BUILD/LPC1768/ARMC6/mbed-os/platform/source/mbed_retarget.o
    0x000055b8   0x00000004   Code   RO         5098    .text.abort_message  c:\Users\nikolaos.chalikias\AppData\Local\Mbed Studio\mbed-studio-tools\ac6\bin\..\lib\libcxx\libcppabi_w.l(abort_message.cpp.o)
    0x000055bc   0x0000000c   Code   RO         1882    .text.are_interrupts_enabled  BUILD/LPC1768/ARMC6/mbed-os/hal/mbed_critical_section_api.o
    0x000055c8   0x0000003a   Code   RO         3151    .text.close         BUILD/LPC1768/ARMC6/mbed-os/platform/source/mbed_retarget.o
    0x00005602   0x00000002   PAD
    0x00005604   0x000000a6   Code   RO         2021    .text.compute_tick_round_up  BUILD/LPC1768/ARMC6/mbed-os/hal/mbed_ticker_api.o
    0x000056aa   0x00000002   PAD
    0x000056ac   0x0000000c   Code   RO         2858    .text.core_util_are_interrupts_enabled  BUILD/LPC1768/ARMC6/mbed-os/platform/source/mbed_critical.o
    0x000056b8   0x00000012   Code   RO         2751    .text.core_util_atomic_decr_u16  BUILD/LPC1768/ARMC6/mbed-os/platform/source/mbed_atomic_impl.o
    0x000056ca   0x00000002   PAD
    0x000056cc   0x0000000c   Code   RO         2737    .text.core_util_atomic_exchange_u8  BUILD/LPC1768/ARMC6/mbed-os/platform/source/mbed_atomic_impl.o
    0x000056d8   0x00000016   Code   RO         2735    .text.core_util_atomic_flag_test_and_set  BUILD/LPC1768/ARMC6/mbed-os/platform/source/mbed_atomic_impl.o
    0x000056ee   0x00000002   PAD
    0x000056f0   0x00000012   Code   RO         2745    .text.core_util_atomic_incr_u16  BUILD/LPC1768/ARMC6/mbed-os/platform/source/mbed_atomic_impl.o
    0x00005702   0x00000002   PAD
    0x00005704   0x00000084   Code   RO         2864    .text.core_util_critical_section_enter  BUILD/LPC1768/ARMC6/mbed-os/platform/source/mbed_critical.o
    0x00005788   0x0000001e   Code   RO         2866    .text.core_util_critical_section_exit  BUILD/LPC1768/ARMC6/mbed-os/platform/source/mbed_critical.o
    0x000057a6   0x00000002   PAD
    0x000057a8   0x0000000c   Code   RO         2860    .text.core_util_is_isr_active  BUILD/LPC1768/ARMC6/mbed-os/platform/source/mbed_critical.o
    0x000057b4   0x00000064   Code   RO         2877    .text.error         BUILD/LPC1768/ARMC6/mbed-os/platform/source/mbed_error.o
    0x00005818   0x0000003a   Code   RO         3219    .text.exit          BUILD/LPC1768/ARMC6/mbed-os/platform/source/mbed_retarget.o
    0x00005852   0x00000002   PAD
    0x00005854   0x0000002e   Code   RO         3131    .text.fdopen        BUILD/LPC1768/ARMC6/mbed-os/platform/source/mbed_retarget.o
    0x00005882   0x00000002   PAD
    0x00005884   0x0000002a   Code   RO         3175    .text.fsync         BUILD/LPC1768/ARMC6/mbed-os/platform/source/mbed_retarget.o
    0x000058ae   0x00000002   PAD
    0x000058b0   0x0000000a   Code   RO         2031    .text.get_us_ticker_data  BUILD/LPC1768/ARMC6/mbed-os/hal/mbed_us_ticker_api.o
    0x000058ba   0x00000002   PAD
    0x000058bc   0x00000054   Code   RO         3705    .text.gpio_dir      BUILD/LPC1768/ARMC6/mbed-os/targets/TARGET_NXP/TARGET_LPC176X/gpio_api.o
    0x00005910   0x0000002e   Code   RO         3701    .text.gpio_init     BUILD/LPC1768/ARMC6/mbed-os/targets/TARGET_NXP/TARGET_LPC176X/gpio_api.o
    0x0000593e   0x00000002   PAD
    0x00005940   0x0000000a   Code   RO         1909    .text.gpio_init_in  BUILD/LPC1768/ARMC6/mbed-os/hal/mbed_gpio.o
    0x0000594a   0x00000002   PAD
    0x0000594c   0x00000008   Code   RO         1911    .text.gpio_init_in_ex  BUILD/LPC1768/ARMC6/mbed-os/hal/mbed_gpio.o
    0x00005954   0x00000032   Code   RO         1921    .text.gpio_init_inout  BUILD/LPC1768/ARMC6/mbed-os/hal/mbed_gpio.o
    0x00005986   0x00000002   PAD
    0x00005988   0x0000000a   Code   RO         1915    .text.gpio_init_out  BUILD/LPC1768/ARMC6/mbed-os/hal/mbed_gpio.o
    0x00005992   0x00000002   PAD
    0x00005994   0x0000000c   Code   RO         1917    .text.gpio_init_out_ex  BUILD/LPC1768/ARMC6/mbed-os/hal/mbed_gpio.o
    0x000059a0   0x00000012   Code   RO         3724    .text.gpio_irq_free  BUILD/LPC1768/ARMC6/mbed-os/targets/TARGET_NXP/TARGET_LPC176X/gpio_irq_api.o
    0x000059b2   0x00000002   PAD
    0x000059b4   0x00000094   Code   RO         3716    .text.gpio_irq_init  BUILD/LPC1768/ARMC6/mbed-os/targets/TARGET_NXP/TARGET_LPC176X/gpio_irq_api.o
    0x00005a48   0x000000c6   Code   RO         3726    .text.gpio_irq_set  BUILD/LPC1768/ARMC6/mbed-os/targets/TARGET_NXP/TARGET_LPC176X/gpio_irq_api.o
    0x00005b0e   0x00000002   PAD
    0x00005b10   0x0000000a   Code   RO         3703    .text.gpio_mode     BUILD/LPC1768/ARMC6/mbed-os/targets/TARGET_NXP/TARGET_LPC176X/gpio_api.o
    0x00005b1a   0x00000002   PAD
    0x00005b1c   0x0000002c   Code   RO         3908    .text.gpio_read     BUILD/LPC1768/ARMC6/mbed-os/targets/TARGET_NXP/TARGET_LPC176X/serial_api.o
    0x00005b48   0x00000040   Code   RO         3699    .text.gpio_set      BUILD/LPC1768/ARMC6/mbed-os/targets/TARGET_NXP/TARGET_LPC176X/gpio_api.o
    0x00005b88   0x00000078   Code   RO         1907    .text.gpio_write    BUILD/LPC1768/ARMC6/mbed-os/hal/mbed_gpio.o
    0x00005c00   0x00000078   Code   RO         2837    .text.gpio_write    BUILD/LPC1768/ARMC6/mbed-os/platform/source/mbed_board.o
    0x00005c78   0x0000002e   Code   RO         3906    .text.gpio_write    BUILD/LPC1768/ARMC6/mbed-os/targets/TARGET_NXP/TARGET_LPC176X/serial_api.o
    0x00005ca6   0x00000002   PAD
    0x00005ca8   0x0000002c   Code   RO         1880    .text.hal_critical_section_enter  BUILD/LPC1768/ARMC6/mbed-os/hal/mbed_critical_section_api.o
    0x00005cd4   0x0000007c   Code   RO         1884    .text.hal_critical_section_exit  BUILD/LPC1768/ARMC6/mbed-os/hal/mbed_critical_section_api.o
    0x00005d50   0x000000e2   Code   RO         2879    .text.handle_error  BUILD/LPC1768/ARMC6/mbed-os/platform/source/mbed_error.o
    0x00005e32   0x00000002   PAD
    0x00005e34   0x00000128   Code   RO         3720    .text.handle_interrupt_in  BUILD/LPC1768/ARMC6/mbed-os/targets/TARGET_NXP/TARGET_LPC176X/gpio_irq_api.o
    0x00005f5c   0x0000001a   Code   RO         3758    .text.i2c_clear_SI  BUILD/LPC1768/ARMC6/mbed-os/targets/TARGET_NXP/TARGET_LPC176X/i2c_api.o
    0x00005f76   0x00000002   PAD
    0x00005f78   0x00000018   Code   RO         3750    .text.i2c_conclr    BUILD/LPC1768/ARMC6/mbed-os/targets/TARGET_NXP/TARGET_LPC176X/i2c_api.o
    0x00005f90   0x00000010   Code   RO         3756    .text.i2c_conset    BUILD/LPC1768/ARMC6/mbed-os/targets/TARGET_NXP/TARGET_LPC176X/i2c_api.o
    0x00005fa0   0x0000001c   Code   RO         3768    .text.i2c_do_write  BUILD/LPC1768/ARMC6/mbed-os/targets/TARGET_NXP/TARGET_LPC176X/i2c_api.o
    0x00005fbc   0x0000001a   Code   RO         3748    .text.i2c_frequency  BUILD/LPC1768/ARMC6/mbed-os/targets/TARGET_NXP/TARGET_LPC176X/i2c_api.o
    0x00005fd6   0x00000002   PAD
    0x00005fd8   0x000000d8   Code   RO         3744    .text.i2c_init      BUILD/LPC1768/ARMC6/mbed-os/targets/TARGET_NXP/TARGET_LPC176X/i2c_api.o
    0x000060b0   0x00000008   Code   RO         3752    .text.i2c_interface_enable  BUILD/LPC1768/ARMC6/mbed-os/targets/TARGET_NXP/TARGET_LPC176X/i2c_api.o
    0x000060b8   0x00000044   Code   RO         3746    .text.i2c_power_enable  BUILD/LPC1768/ARMC6/mbed-os/targets/TARGET_NXP/TARGET_LPC176X/i2c_api.o
    0x000060fc   0x00000054   Code   RO         3754    .text.i2c_start     BUILD/LPC1768/ARMC6/mbed-os/targets/TARGET_NXP/TARGET_LPC176X/i2c_api.o
    0x00006150   0x00000006   Code   RO         3762    .text.i2c_status    BUILD/LPC1768/ARMC6/mbed-os/targets/TARGET_NXP/TARGET_LPC176X/i2c_api.o
    0x00006156   0x00000002   PAD
    0x00006158   0x00000032   Code   RO         3764    .text.i2c_stop      BUILD/LPC1768/ARMC6/mbed-os/targets/TARGET_NXP/TARGET_LPC176X/i2c_api.o
    0x0000618a   0x00000002   PAD
    0x0000618c   0x00000020   Code   RO         3760    .text.i2c_wait_SI   BUILD/LPC1768/ARMC6/mbed-os/targets/TARGET_NXP/TARGET_LPC176X/i2c_api.o
    0x000061ac   0x0000005e   Code   RO         3772    .text.i2c_write     BUILD/LPC1768/ARMC6/mbed-os/targets/TARGET_NXP/TARGET_LPC176X/i2c_api.o
    0x0000620a   0x00000002   PAD
    0x0000620c   0x00000150   Code   RO         1993    .text.initialize    BUILD/LPC1768/ARMC6/mbed-os/hal/mbed_ticker_api.o
    0x0000635c   0x00000026   Code   RO         3133    .text.isatty        BUILD/LPC1768/ARMC6/mbed-os/platform/source/mbed_retarget.o
    0x00006382   0x00000002   PAD
    0x00006384   0x00000030   Code   RO         3169    .text.lseek         BUILD/LPC1768/ARMC6/mbed-os/platform/source/mbed_retarget.o
    0x000063b4   0x0000000a   Code   RO           27    .text.main          BUILD/LPC1768/ARMC6/main.o
    0x000063be   0x00000002   PAD
    0x000063c0   0x0000001a   Code   RO         2726    .text.mbed_assert_internal  BUILD/LPC1768/ARMC6/mbed-os/platform/source/mbed_assert.o
    0x000063da   0x00000002   PAD
    0x000063dc   0x0000002c   Code   RO         3350    .text.mbed_copy_nvic  BUILD/LPC1768/ARMC6/mbed-os/platform/source/mbed_sdk_boot.o
    0x00006408   0x00000070   Code   RO         2839    .text.mbed_die      BUILD/LPC1768/ARMC6/mbed-os/platform/source/mbed_board.o
    0x00006478   0x00000036   Code   RO         2899    .text.mbed_error    BUILD/LPC1768/ARMC6/mbed-os/platform/source/mbed_error.o
    0x000064ae   0x00000002   PAD
    0x000064b0   0x00000014   Code   RO         2917    .text.mbed_error_is_hw_fault  BUILD/LPC1768/ARMC6/mbed-os/platform/source/mbed_error.o
    0x000064c4   0x00000020   Code   RO         2841    .text.mbed_error_printf  BUILD/LPC1768/ARMC6/mbed-os/platform/source/mbed_board.o
    0x000064e4   0x00000028   Code   RO         2845    .text.mbed_error_puts  BUILD/LPC1768/ARMC6/mbed-os/platform/source/mbed_board.o
    0x0000650c   0x00000034   Code   RO         2843    .text.mbed_error_vprintf  BUILD/LPC1768/ARMC6/mbed-os/platform/source/mbed_board.o
    0x00006540   0x000000f8   Code   RO         2685    .text.mbed_fault_handler  BUILD/LPC1768/ARMC6/mbed-os/platform/source/TARGET_CORTEX_M/mbed_fault_handler.o
    0x00006638   0x00000038   Code   RO         2883    .text.mbed_halt_system  BUILD/LPC1768/ARMC6/mbed-os/platform/source/mbed_error.o
    0x00006670   0x00000008   Code   RO         2935    .text.mbed_interface_connected  BUILD/LPC1768/ARMC6/mbed-os/platform/source/mbed_interface.o
    0x00006678   0x00000002   Code   RO         3344    .text.mbed_main     BUILD/LPC1768/ARMC6/mbed-os/platform/source/mbed_sdk_boot.o
    0x0000667a   0x00000002   PAD
    0x0000667c   0x00000002   Code   RO         3346    .text.mbed_sdk_init  BUILD/LPC1768/ARMC6/mbed-os/platform/source/mbed_sdk_boot.o
    0x0000667e   0x00000002   PAD
    0x00006680   0x00000014   Code   RO         2039    .text.note_us_ticker_free  BUILD/LPC1768/ARMC6/mbed-os/hal/mbed_us_ticker_api.o
    0x00006694   0x00000014   Code   RO         2037    .text.note_us_ticker_init  BUILD/LPC1768/ARMC6/mbed-os/hal/mbed_us_ticker_api.o
    0x000066a8   0x0000007c   Code   RO         3143    .text.open          BUILD/LPC1768/ARMC6/mbed-os/platform/source/mbed_retarget.o
    0x00006724   0x00000058   Code   RO         3809    .text.pin_function  BUILD/LPC1768/ARMC6/mbed-os/targets/TARGET_NXP/TARGET_LPC176X/pinmap.o
    0x0000677c   0x00000082   Code   RO         3811    .text.pin_mode      BUILD/LPC1768/ARMC6/mbed-os/targets/TARGET_NXP/TARGET_LPC176X/pinmap.o
    0x000067fe   0x00000002   PAD
    0x00006800   0x00000020   Code   RO         1953    .text.pinmap_find_peripheral  BUILD/LPC1768/ARMC6/mbed-os/hal/mbed_pinmap_common.o
    0x00006820   0x00000048   Code   RO         1951    .text.pinmap_merge  BUILD/LPC1768/ARMC6/mbed-os/hal/mbed_pinmap_common.o
    0x00006868   0x0000005c   Code   RO         1955    .text.pinmap_peripheral  BUILD/LPC1768/ARMC6/mbed-os/hal/mbed_pinmap_common.o
    0x000068c4   0x00000064   Code   RO         1949    .text.pinmap_pinout  BUILD/LPC1768/ARMC6/mbed-os/hal/mbed_pinmap_common.o
    0x00006928   0x00000164   Code   RO         2687    .text.print_context_info  BUILD/LPC1768/ARMC6/mbed-os/platform/source/TARGET_CORTEX_M/mbed_fault_handler.o
    0x00006a8c   0x000001ac   Code   RO         2881    .text.print_error_report  BUILD/LPC1768/ARMC6/mbed-os/platform/source/mbed_error.o
    0x00006c38   0x00000030   Code   RO         3163    .text.read          BUILD/LPC1768/ARMC6/mbed-os/platform/source/mbed_retarget.o
    0x00006c68   0x000000cc   Code   RO         2001    .text.schedule_interrupt  BUILD/LPC1768/ARMC6/mbed-os/hal/mbed_ticker_api.o
    0x00006d34   0x00000010   Code   RO         3395    .text.semihost_connected  BUILD/LPC1768/ARMC6/mbed-os/platform/source/mbed_semihost_api.o
    0x00006d44   0x0000000c   Code   RO         3385    .text.semihost_exit  BUILD/LPC1768/ARMC6/mbed-os/platform/source/mbed_semihost_api.o
    0x00006d50   0x00000208   Code   RO         3912    .text.serial_baud   BUILD/LPC1768/ARMC6/mbed-os/targets/TARGET_NXP/TARGET_LPC176X/serial_api.o
    0x00006f58   0x00000022   Code   RO         3952    .text.serial_flow_irq_set  BUILD/LPC1768/ARMC6/mbed-os/targets/TARGET_NXP/TARGET_LPC176X/serial_api.o
    0x00006f7a   0x00000002   PAD
    0x00006f7c   0x000000e8   Code   RO         3914    .text.serial_format  BUILD/LPC1768/ARMC6/mbed-os/targets/TARGET_NXP/TARGET_LPC176X/serial_api.o
    0x00007064   0x00000040   Code   RO         3936    .text.serial_getc   BUILD/LPC1768/ARMC6/mbed-os/targets/TARGET_NXP/TARGET_LPC176X/serial_api.o
    0x000070a4   0x00000194   Code   RO         3910    .text.serial_init   BUILD/LPC1768/ARMC6/mbed-os/targets/TARGET_NXP/TARGET_LPC176X/serial_api.o
    0x00007238   0x0000000e   Code   RO         2087    .text.serial_init_direct  BUILD/LPC1768/ARMC6/mbed-os/hal/static_pinmap.o
    0x00007246   0x00000002   PAD
    0x00007248   0x0000001e   Code   RO         3930    .text.serial_irq_handler  BUILD/LPC1768/ARMC6/mbed-os/targets/TARGET_NXP/TARGET_LPC176X/serial_api.o
    0x00007266   0x00000002   PAD
    0x00007268   0x00000026   Code   RO         3932    .text.serial_irq_set  BUILD/LPC1768/ARMC6/mbed-os/targets/TARGET_NXP/TARGET_LPC176X/serial_api.o
    0x0000728e   0x00000002   PAD
    0x00007290   0x000000e2   Code   RO         3934    .text.serial_irq_set_internal  BUILD/LPC1768/ARMC6/mbed-os/targets/TARGET_NXP/TARGET_LPC176X/serial_api.o
    0x00007372   0x00000002   PAD
    0x00007374   0x00000034   Code   RO         3940    .text.serial_putc   BUILD/LPC1768/ARMC6/mbed-os/targets/TARGET_NXP/TARGET_LPC176X/serial_api.o
    0x000073a8   0x0000000a   Code   RO         3938    .text.serial_readable  BUILD/LPC1768/ARMC6/mbed-os/targets/TARGET_NXP/TARGET_LPC176X/serial_api.o
    0x000073b2   0x00000002   PAD
    0x000073b4   0x0000010a   Code   RO         3916    .text.serial_set_flow_control  BUILD/LPC1768/ARMC6/mbed-os/targets/TARGET_NXP/TARGET_LPC176X/serial_api.o
    0x000074be   0x00000002   PAD
    0x000074c0   0x00000056   Code   RO         3942    .text.serial_writable  BUILD/LPC1768/ARMC6/mbed-os/targets/TARGET_NXP/TARGET_LPC176X/serial_api.o
    0x00007516   0x00000002   PAD
    0x00007518   0x00000006   Code   RO         1995    .text.set_handler   BUILD/LPC1768/ARMC6/mbed-os/hal/mbed_ticker_api.o
    0x0000751e   0x00000002   PAD
    0x00007520   0x00000058   Code   RO         3084    .text.sleep_manager_lock_deep_sleep_internal  BUILD/LPC1768/ARMC6/mbed-os/platform/source/mbed_power_mgmt.o
    0x00007578   0x00000058   Code   RO         3086    .text.sleep_manager_unlock_deep_sleep_internal  BUILD/LPC1768/ARMC6/mbed-os/platform/source/mbed_power_mgmt.o
    0x000075d0   0x0000007e   Code   RO         2007    .text.ticker_insert_event_us  BUILD/LPC1768/ARMC6/mbed-os/hal/mbed_ticker_api.o
    0x0000764e   0x00000002   PAD
    0x00007650   0x0000006e   Code   RO         1997    .text.ticker_irq_handler  BUILD/LPC1768/ARMC6/mbed-os/hal/mbed_ticker_api.o
    0x000076be   0x00000002   PAD
    0x000076c0   0x00000008   Code   RO         2011    .text.ticker_read   BUILD/LPC1768/ARMC6/mbed-os/hal/mbed_ticker_api.o
    0x000076c8   0x00000022   Code   RO         2013    .text.ticker_read_us  BUILD/LPC1768/ARMC6/mbed-os/hal/mbed_ticker_api.o
    0x000076ea   0x00000002   PAD
    0x000076ec   0x00000038   Code   RO         2009    .text.ticker_remove_event  BUILD/LPC1768/ARMC6/mbed-os/hal/mbed_ticker_api.o
    0x00007724   0x0000001c   Code   RO         1991    .text.ticker_set_handler  BUILD/LPC1768/ARMC6/mbed-os/hal/mbed_ticker_api.o
    0x00007740   0x00000018   Code   RO         3920    .text.uart0_irq     BUILD/LPC1768/ARMC6/mbed-os/targets/TARGET_NXP/TARGET_LPC176X/serial_api.o
    0x00007758   0x00000016   Code   RO         3924    .text.uart1_irq     BUILD/LPC1768/ARMC6/mbed-os/targets/TARGET_NXP/TARGET_LPC176X/serial_api.o
    0x0000776e   0x00000002   PAD
    0x00007770   0x00000018   Code   RO         3926    .text.uart2_irq     BUILD/LPC1768/ARMC6/mbed-os/targets/TARGET_NXP/TARGET_LPC176X/serial_api.o
    0x00007788   0x00000018   Code   RO         3928    .text.uart3_irq     BUILD/LPC1768/ARMC6/mbed-os/targets/TARGET_NXP/TARGET_LPC176X/serial_api.o
    0x000077a0   0x0000007e   Code   RO         3922    .text.uart_irq      BUILD/LPC1768/ARMC6/mbed-os/targets/TARGET_NXP/TARGET_LPC176X/serial_api.o
    0x0000781e   0x00000002   PAD
    0x00007820   0x000000ec   Code   RO         1999    .text.update_present_time  BUILD/LPC1768/ARMC6/mbed-os/hal/mbed_ticker_api.o
    0x0000790c   0x0000000e   Code   RO         4077    .text.us_ticker_clear_interrupt  BUILD/LPC1768/ARMC6/mbed-os/targets/TARGET_NXP/TARGET_LPC176X/us_ticker.o
    0x0000791a   0x00000002   PAD
    0x0000791c   0x00000012   Code   RO         4063    .text.us_ticker_disable_interrupt  BUILD/LPC1768/ARMC6/mbed-os/targets/TARGET_NXP/TARGET_LPC176X/us_ticker.o
    0x0000792e   0x00000002   PAD
    0x00007930   0x00000008   Code   RO         4073    .text.us_ticker_fire_interrupt  BUILD/LPC1768/ARMC6/mbed-os/targets/TARGET_NXP/TARGET_LPC176X/us_ticker.o
    0x00007938   0x0000001e   Code   RO         4079    .text.us_ticker_free  BUILD/LPC1768/ARMC6/mbed-os/targets/TARGET_NXP/TARGET_LPC176X/us_ticker.o
    0x00007956   0x00000002   PAD
    0x00007958   0x0000000a   Code   RO         4059    .text.us_ticker_get_info  BUILD/LPC1768/ARMC6/mbed-os/targets/TARGET_NXP/TARGET_LPC176X/us_ticker.o
    0x00007962   0x00000002   PAD
    0x00007964   0x00000066   Code   RO         4061    .text.us_ticker_init  BUILD/LPC1768/ARMC6/mbed-os/targets/TARGET_NXP/TARGET_LPC176X/us_ticker.o
    0x000079ca   0x00000002   PAD
    0x000079cc   0x0000001e   Code   RO         2035    .text.us_ticker_irq_handler  BUILD/LPC1768/ARMC6/mbed-os/hal/mbed_us_ticker_api.o
    0x000079ea   0x00000002   PAD
    0x000079ec   0x0000000c   Code   RO         4069    .text.us_ticker_read  BUILD/LPC1768/ARMC6/mbed-os/targets/TARGET_NXP/TARGET_LPC176X/us_ticker.o
    0x000079f8   0x00000014   Code   RO         4071    .text.us_ticker_set_interrupt  BUILD/LPC1768/ARMC6/mbed-os/targets/TARGET_NXP/TARGET_LPC176X/us_ticker.o
    0x00007a0c   0x0000000e   Code   RO         3442    .text.wait_ms       BUILD/LPC1768/ARMC6/mbed-os/platform/source/mbed_wait_api_no_rtos.o
    0x00007a1a   0x00000002   PAD
    0x00007a1c   0x0000001e   Code   RO         3444    .text.wait_us       BUILD/LPC1768/ARMC6/mbed-os/platform/source/mbed_wait_api_no_rtos.o
    0x00007a3a   0x00000002   PAD
    0x00007a3c   0x00000030   Code   RO         3155    .text.write         BUILD/LPC1768/ARMC6/mbed-os/platform/source/mbed_retarget.o
    0x00007a6c   0x0000003e   Code   RO         5163    CL$$btod_d2e        c:\Users\nikolaos.chalikias\AppData\Local\Mbed Studio\mbed-studio-tools\ac6\bin\..\lib\armlib\c_w.l(btod.o)
    0x00007aaa   0x00000046   Code   RO         5165    CL$$btod_d2e_denorm_low  c:\Users\nikolaos.chalikias\AppData\Local\Mbed Studio\mbed-studio-tools\ac6\bin\..\lib\armlib\c_w.l(btod.o)
    0x00007af0   0x00000060   Code   RO         5164    CL$$btod_d2e_norm_op1  c:\Users\nikolaos.chalikias\AppData\Local\Mbed Studio\mbed-studio-tools\ac6\bin\..\lib\armlib\c_w.l(btod.o)
    0x00007b50   0x00000338   Code   RO         5173    CL$$btod_div_common  c:\Users\nikolaos.chalikias\AppData\Local\Mbed Studio\mbed-studio-tools\ac6\bin\..\lib\armlib\c_w.l(btod.o)
    0x00007e88   0x000000dc   Code   RO         5170    CL$$btod_e2e        c:\Users\nikolaos.chalikias\AppData\Local\Mbed Studio\mbed-studio-tools\ac6\bin\..\lib\armlib\c_w.l(btod.o)
    0x00007f64   0x0000002a   Code   RO         5167    CL$$btod_ediv       c:\Users\nikolaos.chalikias\AppData\Local\Mbed Studio\mbed-studio-tools\ac6\bin\..\lib\armlib\c_w.l(btod.o)
    0x00007f8e   0x0000002a   Code   RO         5166    CL$$btod_emul       c:\Users\nikolaos.chalikias\AppData\Local\Mbed Studio\mbed-studio-tools\ac6\bin\..\lib\armlib\c_w.l(btod.o)
    0x00007fb8   0x00000244   Code   RO         5172    CL$$btod_mult_common  c:\Users\nikolaos.chalikias\AppData\Local\Mbed Studio\mbed-studio-tools\ac6\bin\..\lib\armlib\c_w.l(btod.o)
    0x000081fc   0x00000028   Code   RO         5259    i.__ARM_fpclassify  c:\Users\nikolaos.chalikias\AppData\Local\Mbed Studio\mbed-studio-tools\ac6\bin\..\lib\armlib\m_ws.l(fpclassify.o)
    0x00008224   0x0000000e   Code   RO         4735    i._is_digit         c:\Users\nikolaos.chalikias\AppData\Local\Mbed Studio\mbed-studio-tools\ac6\bin\..\lib\armlib\c_w.l(__printf_wp.o)
    0x00008232   0x00000018   Code   RO         4771    i.fgetc             c:\Users\nikolaos.chalikias\AppData\Local\Mbed Studio\mbed-studio-tools\ac6\bin\..\lib\armlib\c_w.l(fgetc.o)
    0x0000824a   0x0000001a   Code   RO         4777    i.fputc             c:\Users\nikolaos.chalikias\AppData\Local\Mbed Studio\mbed-studio-tools\ac6\bin\..\lib\armlib\c_w.l(fputc.o)
    0x00008264   0x0000002c   Code   RO         5214    locale$$code        c:\Users\nikolaos.chalikias\AppData\Local\Mbed Studio\mbed-studio-tools\ac6\bin\..\lib\armlib\c_w.l(lc_numeric_c.o)
    0x00008290   0x0000002c   Code   RO         5273    locale$$code        c:\Users\nikolaos.chalikias\AppData\Local\Mbed Studio\mbed-studio-tools\ac6\bin\..\lib\armlib\c_w.l(lc_ctype_c.o)
    0x000082bc   0x00000062   Code   RO         4843    x$fpl$d2f           c:\Users\nikolaos.chalikias\AppData\Local\Mbed Studio\mbed-studio-tools\ac6\bin\..\lib\armlib\fz_ws.l(d2f.o)
    0x0000831e   0x00000026   Code   RO         4847    x$fpl$dfltu         c:\Users\nikolaos.chalikias\AppData\Local\Mbed Studio\mbed-studio-tools\ac6\bin\..\lib\armlib\fz_ws.l(dflt_clz.o)
    0x00008344   0x00000154   Code   RO         4853    x$fpl$dmul          c:\Users\nikolaos.chalikias\AppData\Local\Mbed Studio\mbed-studio-tools\ac6\bin\..\lib\armlib\fz_ws.l(dmul.o)
    0x00008498   0x0000009c   Code   RO         5080    x$fpl$dnaninf       c:\Users\nikolaos.chalikias\AppData\Local\Mbed Studio\mbed-studio-tools\ac6\bin\..\lib\armlib\fz_ws.l(dnaninf.o)
    0x00008534   0x0000000c   Code   RO         5082    x$fpl$dretinf       c:\Users\nikolaos.chalikias\AppData\Local\Mbed Studio\mbed-studio-tools\ac6\bin\..\lib\armlib\fz_ws.l(dretinf.o)
    0x00008540   0x00000056   Code   RO         4855    x$fpl$f2d           c:\Users\nikolaos.chalikias\AppData\Local\Mbed Studio\mbed-studio-tools\ac6\bin\..\lib\armlib\fz_ws.l(f2d.o)
    0x00008596   0x00000002   PAD
    0x00008598   0x00000102   Code   RO         4889    x$fpl$fmul          c:\Users\nikolaos.chalikias\AppData\Local\Mbed Studio\mbed-studio-tools\ac6\bin\..\lib\armlib\fz_ws.l(fmul.o)
    0x0000869a   0x0000008c   Code   RO         5090    x$fpl$fnaninf       c:\Users\nikolaos.chalikias\AppData\Local\Mbed Studio\mbed-studio-tools\ac6\bin\..\lib\armlib\fz_ws.l(fnaninf.o)
    0x00008726   0x0000000a   Code   RO         5092    x$fpl$fretinf       c:\Users\nikolaos.chalikias\AppData\Local\Mbed Studio\mbed-studio-tools\ac6\bin\..\lib\armlib\fz_ws.l(fretinf.o)
    0x00008730   0x0000005c   Code   RO         4877    x$fpl$llufromf      c:\Users\nikolaos.chalikias\AppData\Local\Mbed Studio\mbed-studio-tools\ac6\bin\..\lib\armlib\fz_ws.l(ffixull.o)
    0x0000878c   0x00000004   Code   RO         4891    x$fpl$printf1       c:\Users\nikolaos.chalikias\AppData\Local\Mbed Studio\mbed-studio-tools\ac6\bin\..\lib\armlib\fz_ws.l(printf1.o)
    0x00008790   0x00000004   Code   RO         4893    x$fpl$printf2       c:\Users\nikolaos.chalikias\AppData\Local\Mbed Studio\mbed-studio-tools\ac6\bin\..\lib\armlib\fz_ws.l(printf2.o)
    0x00008794   0x00000000   Code   RO         5096    x$fpl$usenofp       c:\Users\nikolaos.chalikias\AppData\Local\Mbed Studio\mbed-studio-tools\ac6\bin\..\lib\armlib\fz_ws.l(usenofp.o)
    0x00008794   0x00000008   Data   RO         4696    .constdata          c:\Users\nikolaos.chalikias\AppData\Local\Mbed Studio\mbed-studio-tools\ac6\bin\..\lib\armlib\c_w.l(_printf_wctomb.o)
    0x0000879c   0x00000028   Data   RO         4723    .constdata          c:\Users\nikolaos.chalikias\AppData\Local\Mbed Studio\mbed-studio-tools\ac6\bin\..\lib\armlib\c_w.l(_printf_hex_int_ll_ptr.o)
    0x000087c4   0x00000011   Data   RO         4743    .constdata          c:\Users\nikolaos.chalikias\AppData\Local\Mbed Studio\mbed-studio-tools\ac6\bin\..\lib\armlib\c_w.l(__printf_flags_ss_wp.o)
    0x000087d5   0x00000026   Data   RO         4951    .constdata          c:\Users\nikolaos.chalikias\AppData\Local\Mbed Studio\mbed-studio-tools\ac6\bin\..\lib\armlib\c_w.l(_printf_fp_hex.o)
    0x000087fb   0x00000001   PAD
    0x000087fc   0x00000094   Data   RO         5161    .constdata          c:\Users\nikolaos.chalikias\AppData\Local\Mbed Studio\mbed-studio-tools\ac6\bin\..\lib\armlib\c_w.l(bigflt0.o)
    0x00008890   0x00000000   Data   RO         3356    .rodata             BUILD/LPC1768/ARMC6/mbed-os/platform/source/mbed_sdk_boot.o
    0x00008890   0x00000400   Data   RO         4393    .rodata..L__const._ZN16Adafruit_SSD13066splashEv.adaFruitLogo  BUILD/LPC1768/ARMC6/nlib/OLEDisplay/Adafruit_GFX/Adafruit_SSD1306.o
    0x00008c90   0x0000003c   Data   RO         3799    .rodata.PinMap_I2C_SCL  BUILD/LPC1768/ARMC6/mbed-os/targets/TARGET_NXP/TARGET_LPC176X/i2c_api.o
    0x00008ccc   0x0000003c   Data   RO         3798    .rodata.PinMap_I2C_SDA  BUILD/LPC1768/ARMC6/mbed-os/targets/TARGET_NXP/TARGET_LPC176X/i2c_api.o
    0x00008d08   0x00000024   Data   RO         3976    .rodata.PinMap_UART_CTS  BUILD/LPC1768/ARMC6/mbed-os/targets/TARGET_NXP/TARGET_LPC176X/serial_api.o
    0x00008d2c   0x00000024   Data   RO         3975    .rodata.PinMap_UART_RTS  BUILD/LPC1768/ARMC6/mbed-os/targets/TARGET_NXP/TARGET_LPC176X/serial_api.o
    0x00008d50   0x0000006c   Data   RO         3970    .rodata.PinMap_UART_RX  BUILD/LPC1768/ARMC6/mbed-os/targets/TARGET_NXP/TARGET_LPC176X/serial_api.o
    0x00008dbc   0x0000006c   Data   RO         3969    .rodata.PinMap_UART_TX  BUILD/LPC1768/ARMC6/mbed-os/targets/TARGET_NXP/TARGET_LPC176X/serial_api.o
    0x00008e28   0x000004fb   Data   RO         4368    .rodata._ZL4font    BUILD/LPC1768/ARMC6/nlib/OLEDisplay/Adafruit_GFX/Adafruit_GFX.o
    0x00009323   0x00000001   PAD
    0x00009324   0x0000001c   Data   RO         4349    .rodata._ZTV10nBlockNode  BUILD/LPC1768/ARMC6/nlib/KernelNode/nworkbench.o
    0x00009340   0x00000084   Data   RO         4496    .rodata._ZTV12Adafruit_GFX  BUILD/LPC1768/ARMC6/nlib/OLEDisplay/OLEDisplay.o
    0x000093c4   0x0000005c   Data   RO         3280    .rodata._ZTV12DirectSerial  BUILD/LPC1768/ARMC6/mbed-os/platform/source/mbed_retarget.o
    0x00009420   0x00000024   Data   RO           86    .rodata._ZTV12nBlock_Blink  BUILD/LPC1768/ARMC6/main.o
    0x00009444   0x00000024   Data   RO           85    .rodata._ZTV13nBlock_Ticker  BUILD/LPC1768/ARMC6/main.o
    0x00009468   0x00000094   Data   RO         4394    .rodata._ZTV16Adafruit_SSD1306  BUILD/LPC1768/ARMC6/nlib/OLEDisplay/Adafruit_GFX/Adafruit_SSD1306.o
    0x000094fc   0x00000024   Data   RO         4278    .rodata._ZTV16nBlockSimpleNodeILj1EE  BUILD/LPC1768/ARMC6/nlib/Blink/blink.o
    0x00009520   0x00000024   Data   RO         4433    .rodata._ZTV17nBlock_OLEDisplay  BUILD/LPC1768/ARMC6/nlib/OLEDisplay/OLEDisplay.o
    0x00009544   0x00000024   Data   RO         4571    .rodata._ZTV17nBlock_USonicEcho  BUILD/LPC1768/ARMC6/nlib/USonicEcho/USonicEcho.o
    0x00009568   0x00000024   Data   RO         4504    .rodata._ZTV19nBlock_StringFormat  BUILD/LPC1768/ARMC6/nlib/StringFormat/stringformat.o
    0x0000958c   0x00000024   Data   RO         4519    .rodata._ZTV19nBlock_StringSerial  BUILD/LPC1768/ARMC6/nlib/StringSerial/stringserial.o
    0x000095b0   0x00000094   Data   RO         4495    .rodata._ZTV20Adafruit_SSD1306_I2c  BUILD/LPC1768/ARMC6/nlib/OLEDisplay/OLEDisplay.o
    0x00009644   0x0000005c   Data   RO         2300    .rodata._ZTVN4mbed10FileHandleE  BUILD/LPC1768/ARMC6/mbed-os/platform/source/FileHandle.o
    0x000096a0   0x00000018   Data   RO         1008    .rodata._ZTVN4mbed10SerialBaseE  BUILD/LPC1768/ARMC6/mbed-os/drivers/source/SerialBase.o
    0x000096b8   0x00000014   Data   RO         1118    .rodata._ZTVN4mbed10TimerEventE  BUILD/LPC1768/ARMC6/mbed-os/drivers/source/TimerEvent.o
    0x000096cc   0x00000010   Data   RO          561    .rodata._ZTVN4mbed11InterruptInE  BUILD/LPC1768/ARMC6/mbed-os/drivers/source/InterruptIn.o
    0x000096dc   0x00000018   Data   RO          487    .rodata._ZTVN4mbed3I2CE  BUILD/LPC1768/ARMC6/mbed-os/drivers/source/I2C.o
    0x000096f4   0x0000009c   Data   RO          921    .rodata._ZTVN4mbed6SerialE  BUILD/LPC1768/ARMC6/mbed-os/drivers/source/Serial.o
    0x00009790   0x0000007c   Data   RO         2501    .rodata._ZTVN4mbed6StreamE  BUILD/LPC1768/ARMC6/mbed-os/platform/source/Stream.o
    0x0000980c   0x00000014   Data   RO         1046    .rodata._ZTVN4mbed6TickerE  BUILD/LPC1768/ARMC6/mbed-os/drivers/source/Ticker.o
    0x00009820   0x00000010   Data   RO         2289    .rodata._ZTVN4mbed8FileBaseE  BUILD/LPC1768/ARMC6/mbed-os/platform/source/FileBase.o
    0x00009830   0x0000006c   Data   RO         2523    .rodata._ZTVN4mbed8FileLikeE  BUILD/LPC1768/ARMC6/mbed-os/platform/source/Stream.o
    0x0000989c   0x00000018   Data   RO         3289    .rodata._ZZL15default_consolevE14console_pinmap  BUILD/LPC1768/ARMC6/mbed-os/platform/source/mbed_retarget.o
    0x000098b4   0x0000000c   Data   RO         4279    .rodata._ZZN4mbed8CallbackIFvvEE8generateINS2_14method_contextI12nBlock_BlinkMS5_FvvEEEEEvRKT_E3ops  BUILD/LPC1768/ARMC6/nlib/Blink/blink.o
    0x000098c0   0x0000000c   Data   RO         4557    .rodata._ZZN4mbed8CallbackIFvvEE8generateINS2_14method_contextI13nBlock_TickerMS5_FvvEEEEEvRKT_E3ops  BUILD/LPC1768/ARMC6/nlib/Ticker/ticker.o
    0x000098cc   0x0000000c   Data   RO         4595    .rodata._ZZN4mbed8CallbackIFvvEE8generateINS2_14method_contextI17nBlock_USonicEchoMS5_FvvEEEEEvRKT_E3ops  BUILD/LPC1768/ARMC6/nlib/USonicEcho/USonicEcho.o
    0x000098d8   0x0000000c   Data   RO          338    .rodata._ZZN4mbed8CallbackIFvvEE8generateIPS1_EEvRKT_E3ops  BUILD/LPC1768/ARMC6/mbed-os/drivers/source/CAN.o
    0x000098e4   0x00000008   Data   RO         3277    .rodata.__stderr_name  BUILD/LPC1768/ARMC6/mbed-os/platform/source/mbed_retarget.o
    0x000098ec   0x00000007   Data   RO         3275    .rodata.__stdin_name  BUILD/LPC1768/ARMC6/mbed-os/platform/source/mbed_retarget.o
    0x000098f3   0x00000008   Data   RO         3276    .rodata.__stdout_name  BUILD/LPC1768/ARMC6/mbed-os/platform/source/mbed_retarget.o
    0x000098fb   0x00000001   PAD
    0x000098fc   0x00000004   Data   RO         2692    .rodata.mbed_fault_context  BUILD/LPC1768/ARMC6/mbed-os/platform/source/TARGET_CORTEX_M/mbed_fault_handler.o
    0x00009900   0x00000052   Data   RO          215    .rodata.str1.1      BUILD/LPC1768/ARMC6/mbed-os/drivers/source/BusInOut.o
    0x00009952   0x000000e0   Data   RO         2693    .rodata.str1.1      BUILD/LPC1768/ARMC6/mbed-os/platform/source/TARGET_CORTEX_M/mbed_fault_handler.o
    0x00009a32   0x000000ec   Data   RO         2925    .rodata.str1.1      BUILD/LPC1768/ARMC6/mbed-os/platform/source/mbed_error.o
    0x00009b1e   0x00000063   Data   RO         3283    .rodata.str1.1      BUILD/LPC1768/ARMC6/mbed-os/platform/source/mbed_retarget.o
    0x00009b81   0x00000037   Data   RO         3707    .rodata.str1.1      BUILD/LPC1768/ARMC6/mbed-os/targets/TARGET_NXP/TARGET_LPC176X/gpio_api.o
    0x00009bb8   0x00000035   Data   RO         3813    .rodata.str1.1      BUILD/LPC1768/ARMC6/mbed-os/targets/TARGET_NXP/TARGET_LPC176X/pinmap.o
    0x00009bed   0x000000bd   Data   RO         3971    .rodata.str1.1      BUILD/LPC1768/ARMC6/mbed-os/targets/TARGET_NXP/TARGET_LPC176X/serial_api.o
    0x00009caa   0x00000002   PAD
    0x00009cac   0x00000008   Data   RO         2041    .rodata.us_data     BUILD/LPC1768/ARMC6/mbed-os/hal/mbed_us_ticker_api.o
    0x00009cb4   0x00000024   Data   RO         2044    .rodata.us_interface  BUILD/LPC1768/ARMC6/mbed-os/hal/mbed_us_ticker_api.o
    0x00009cd8   0x00000008   Data   RO         4083    .rodata.us_ticker_get_info.info  BUILD/LPC1768/ARMC6/mbed-os/targets/TARGET_NXP/TARGET_LPC176X/us_ticker.o
    0x00009ce0   0x00000020   Data   RO         5380    Region$$Table       anon$$obj.o
    0x00009d00   0x0000001c   Data   RO         5213    locale$$data        c:\Users\nikolaos.chalikias\AppData\Local\Mbed Studio\mbed-studio-tools\ac6\bin\..\lib\armlib\c_w.l(lc_numeric_c.o)
    0x00009d1c   0x00000110   Data   RO         5272    locale$$data        c:\Users\nikolaos.chalikias\AppData\Local\Mbed Studio\mbed-studio-tools\ac6\bin\..\lib\armlib\c_w.l(lc_ctype_c.o)
    0x00009e2c   0x00000004   Data   RO           43    .init_array         BUILD/LPC1768/ARMC6/main.o
    0x00009e30   0x00000004   Data   RO         4351    .init_array         BUILD/LPC1768/ARMC6/nlib/KernelNode/nworkbench.o
    0x00009e34   0x00000000   Data   RO         4838    .init_array         c:\Users\nikolaos.chalikias\AppData\Local\Mbed Studio\mbed-studio-tools\ac6\bin\..\lib\armlib\c_w.l(init_aeabi.o)


    Execution Region RW_IRAM1 (Base: 0x100000c8, Size: 0x00000000, Max: 0x00006f18, ABSOLUTE)

    **** No section assigned to this execution region ****


    Execution Region ARM_LIB_STACK (Base: 0x10006fe0, Size: 0x00001000, Max: 0x00001000, ABSOLUTE)

    Base Addr    Size         Type   Attr      Idx    E Section Name        Object

    0x10006fe0   0x00001000   Zero   RW            1    ARM_LIB_STACK.bss   anon$$obj.o


    Execution Region RW_IRAM2 (Base: 0x2007c000, Size: 0x00000000, Max: 0x00004000, ABSOLUTE)

    **** No section assigned to this execution region ****


    Execution Region RW_IRAM3 (Base: 0x20080000, Size: 0x00000d30, Max: 0x00004000, ABSOLUTE)

    Base Addr    Size         Type   Attr      Idx    E Section Name        Object

    0x20080000   0x00000004   Data   RW         4793    .data               c:\Users\nikolaos.chalikias\AppData\Local\Mbed Studio\mbed-studio-tools\ac6\bin\..\lib\armlib\c_w.l(stdio_streams.o)
    0x20080004   0x00000004   Data   RW         4794    .data               c:\Users\nikolaos.chalikias\AppData\Local\Mbed Studio\mbed-studio-tools\ac6\bin\..\lib\armlib\c_w.l(stdio_streams.o)
    0x20080008   0x00000004   Data   RW         4795    .data               c:\Users\nikolaos.chalikias\AppData\Local\Mbed Studio\mbed-studio-tools\ac6\bin\..\lib\armlib\c_w.l(stdio_streams.o)
    0x2008000c   0x00000004   Data   RW         3645    .data.SystemCoreClock  BUILD/LPC1768/ARMC6/mbed-os/targets/TARGET_NXP/TARGET_LPC176X/device/system_LPC17xx.o
    0x20080010   0x00000040   Data   RW         3288    .data._ZL11filehandles  BUILD/LPC1768/ARMC6/mbed-os/platform/source/mbed_retarget.o
    0x20080050   0x0000000c   Data   RW         4348    .data.__kernel_data  BUILD/LPC1768/ARMC6/nlib/KernelNode/nworkbench.o
    0x2008005c   0x00000004   Data   RW         2042    .data.irq_handler   BUILD/LPC1768/ARMC6/mbed-os/hal/mbed_us_ticker_api.o
    0x20080060   0x00000004   Zero   RW         4601    .bss                c:\Users\nikolaos.chalikias\AppData\Local\Mbed Studio\mbed-studio-tools\ac6\bin\..\lib\armlib\c_w.l(rt_errno_addr.o)
    0x20080064   0x00000054   Zero   RW         4790    .bss                c:\Users\nikolaos.chalikias\AppData\Local\Mbed Studio\mbed-studio-tools\ac6\bin\..\lib\armlib\c_w.l(stdio_streams.o)
    0x200800b8   0x00000054   Zero   RW         4791    .bss                c:\Users\nikolaos.chalikias\AppData\Local\Mbed Studio\mbed-studio-tools\ac6\bin\..\lib\armlib\c_w.l(stdio_streams.o)
    0x2008010c   0x00000054   Zero   RW         4792    .bss                c:\Users\nikolaos.chalikias\AppData\Local\Mbed Studio\mbed-studio-tools\ac6\bin\..\lib\armlib\c_w.l(stdio_streams.o)
    0x20080160   0x00000004   Zero   RW         4922    .bss                c:\Users\nikolaos.chalikias\AppData\Local\Mbed Studio\mbed-studio-tools\ac6\bin\..\lib\armlib\c_w.l(rt_heap_descriptor.o)
    0x20080164   0x00000014   Zero   RW         5128    .bss                c:\Users\nikolaos.chalikias\AppData\Local\Mbed Studio\mbed-studio-tools\ac6\bin\..\lib\armlib\c_w.l(rt_locale.o)
    0x20080178   0x00000040   Zero   RW         4341    .bss.PropagateTicker  BUILD/LPC1768/ARMC6/nlib/KernelNode/nworkbench.o
    0x200801b8   0x00000004   Zero   RW         3291    .bss._ZGVZL15default_consolevE7console  BUILD/LPC1768/ARMC6/mbed-os/platform/source/mbed_retarget.o
    0x200801bc   0x00000008   Zero   RW         3287    .bss._ZL16filehandle_mutex  BUILD/LPC1768/ARMC6/mbed-os/platform/source/mbed_retarget.o
    0x200801c4   0x00000008   Zero   RW          486    .bss._ZN4mbed3I2C6_mutexE  BUILD/LPC1768/ARMC6/mbed-os/drivers/source/I2C.o
    0x200801cc   0x00000004   Zero   RW          485    .bss._ZN4mbed3I2C6_ownerE  BUILD/LPC1768/ARMC6/mbed-os/drivers/source/I2C.o
    0x200801d0   0x00000004   Zero   RW         2286    .bss._ZN4mbed8FileBase5_headE  BUILD/LPC1768/ARMC6/mbed-os/platform/source/FileBase.o
    0x200801d4   0x00000008   Zero   RW         2287    .bss._ZN4mbed8FileBase6_mutexE  BUILD/LPC1768/ARMC6/mbed-os/platform/source/FileBase.o
    0x200801dc   0x00000004   Zero   RW         2288    .bss._ZN4mbed8FileBase8_defaultE  BUILD/LPC1768/ARMC6/mbed-os/platform/source/FileBase.o
    0x200801e0   0x00000004   Zero   RW         3290    .bss._ZZL15default_consolevE7console  BUILD/LPC1768/ARMC6/mbed-os/platform/source/mbed_retarget.o
    0x200801e4   0x00000004   Zero   RW         4342    .bss.__firstNode    BUILD/LPC1768/ARMC6/nlib/KernelNode/nworkbench.o
    0x200801e8   0x00000004   Zero   RW         4344    .bss.__first_connection  BUILD/LPC1768/ARMC6/nlib/KernelNode/nworkbench.o
    0x200801ec   0x00000004   Zero   RW         4345    .bss.__last_connection  BUILD/LPC1768/ARMC6/nlib/KernelNode/nworkbench.o
    0x200801f0   0x00000004   Zero   RW         4343    .bss.__last_node    BUILD/LPC1768/ARMC6/nlib/KernelNode/nworkbench.o
    0x200801f4   0x00000004   Zero   RW         4346    .bss.__propagating  BUILD/LPC1768/ARMC6/nlib/KernelNode/nworkbench.o
    0x200801f8   0x00000004   Zero   RW         4347    .bss.__tickerElapsed  BUILD/LPC1768/ARMC6/nlib/KernelNode/nworkbench.o
    0x200801fc   0x00000001   Zero   RW         2043    .bss._us_ticker_initialized  BUILD/LPC1768/ARMC6/mbed-os/hal/mbed_us_ticker_api.o
    0x200801fd   0x00000003   PAD
    0x20080200   0x000000c0   Zero   RW         3735    .bss.channel_ids    BUILD/LPC1768/ARMC6/mbed-os/targets/TARGET_NXP/TARGET_LPC176X/gpio_irq_api.o
    0x200802c0   0x00000001   Zero   RW         1889    .bss.critical_interrupts_enabled  BUILD/LPC1768/ARMC6/mbed-os/hal/mbed_critical_section_api.o
    0x200802c1   0x00000003   PAD
    0x200802c4   0x00000004   Zero   RW         2868    .bss.critical_section_reentrancy_counter  BUILD/LPC1768/ARMC6/mbed-os/platform/source/mbed_critical.o
    0x200802c8   0x00000002   Zero   RW         3094    .bss.deep_sleep_lock  BUILD/LPC1768/ARMC6/mbed-os/platform/source/mbed_power_mgmt.o
    0x200802ca   0x00000002   PAD
    0x200802cc   0x00000004   Zero   RW         2922    .bss.error_count    BUILD/LPC1768/ARMC6/mbed-os/platform/source/mbed_error.o
    0x200802d0   0x00000004   Zero   RW         2923    .bss.error_hook     BUILD/LPC1768/ARMC6/mbed-os/platform/source/mbed_error.o
    0x200802d4   0x00000004   PAD
    0x200802d8   0x00000040   Zero   RW         2045    .bss.events         BUILD/LPC1768/ARMC6/mbed-os/hal/mbed_us_ticker_api.o
    0x20080318   0x00000054   Zero   RW         2691    .bss.fault_context  BUILD/LPC1768/ARMC6/mbed-os/platform/source/TARGET_CORTEX_M/mbed_fault_handler.o
    0x2008036c   0x00000034   Zero   RW         2921    .bss.first_error_ctx  BUILD/LPC1768/ARMC6/mbed-os/platform/source/mbed_error.o
    0x200803a0   0x00000001   Zero   RW         2924    .bss.halt_in_progress  BUILD/LPC1768/ARMC6/mbed-os/platform/source/mbed_error.o
    0x200803a1   0x00000003   PAD
    0x200803a4   0x00000004   Zero   RW         3734    .bss.irq_handler    BUILD/LPC1768/ARMC6/mbed-os/targets/TARGET_NXP/TARGET_LPC176X/gpio_irq_api.o
    0x200803a8   0x00000004   Zero   RW         3974    .bss.irq_handler    BUILD/LPC1768/ARMC6/mbed-os/targets/TARGET_NXP/TARGET_LPC176X/serial_api.o
    0x200803ac   0x00000034   Zero   RW         2920    .bss.last_error_ctx  BUILD/LPC1768/ARMC6/mbed-os/platform/source/mbed_error.o
    0x200803e0   0x00000001   Zero   RW         2919    .bss.mbed_error_in_progress  BUILD/LPC1768/ARMC6/mbed-os/platform/source/mbed_error.o
    0x200803e1   0x00000003   PAD
    0x200803e4   0x00000014   Zero   RW           38    .bss.n_conn0        BUILD/LPC1768/ARMC6/main.o
    0x200803f8   0x00000014   Zero   RW           39    .bss.n_conn1        BUILD/LPC1768/ARMC6/main.o
    0x2008040c   0x00000014   Zero   RW           40    .bss.n_conn2        BUILD/LPC1768/ARMC6/main.o
    0x20080420   0x00000014   Zero   RW           41    .bss.n_conn3        BUILD/LPC1768/ARMC6/main.o
    0x20080434   0x00000014   Zero   RW           42    .bss.n_conn4        BUILD/LPC1768/ARMC6/main.o
    0x20080448   0x00000068   Zero   RW           31    .bss.nb_nBlockNode0_Ticker  BUILD/LPC1768/ARMC6/main.o
    0x200804b0   0x000000b8   Zero   RW           32    .bss.nb_nBlockNode1_USonicEcho  BUILD/LPC1768/ARMC6/main.o
    0x20080568   0x0000022c   Zero   RW           33    .bss.nb_nBlockNode2_StringFormat  BUILD/LPC1768/ARMC6/main.o
    0x20080794   0x000000ac   Zero   RW           34    .bss.nb_nBlockNode3_StringSerial  BUILD/LPC1768/ARMC6/main.o
    0x20080840   0x0000022c   Zero   RW           35    .bss.nb_nBlockNode4_StringFormat  BUILD/LPC1768/ARMC6/main.o
    0x20080a6c   0x0000014c   Zero   RW           36    .bss.nb_nBlockNode5_OLEDisplay  BUILD/LPC1768/ARMC6/main.o
    0x20080bb8   0x00000080   Zero   RW           37    .bss.nb_nBlockNode6_Blink  BUILD/LPC1768/ARMC6/main.o
    0x20080c38   0x00000001   Zero   RW         1888    .bss.state_saved    BUILD/LPC1768/ARMC6/mbed-os/hal/mbed_critical_section_api.o
    0x20080c39   0x00000007   PAD
    0x20080c40   0x00000008   Zero   RW         3973    .bss.stdio_uart     BUILD/LPC1768/ARMC6/mbed-os/targets/TARGET_NXP/TARGET_LPC176X/serial_api.o
    0x20080c48   0x00000004   Zero   RW         3968    .bss.stdio_uart_inited  BUILD/LPC1768/ARMC6/mbed-os/targets/TARGET_NXP/TARGET_LPC176X/serial_api.o
    0x20080c4c   0x000000e0   Zero   RW         3972    .bss.uart_data      BUILD/LPC1768/ARMC6/mbed-os/targets/TARGET_NXP/TARGET_LPC176X/serial_api.o
    0x20080d2c   0x00000001   Zero   RW         4084    .bss.us_ticker_inited  BUILD/LPC1768/ARMC6/mbed-os/targets/TARGET_NXP/TARGET_LPC176X/us_ticker.o


    Execution Region RW_IRAM4 (Base: 0x40038000, Size: 0x00000000, Max: 0x00000800, ABSOLUTE)

    **** No section assigned to this execution region ****


==============================================================================

Image component sizes


      Code (inc. data)   RO Data    RW Data    ZI Data      Debug   

     21380       1734       5440         84       7096    1179457   Object Totals
         0          0         32          0       4096          0   (incl. Generated)
       444          0          4          0         28          0   (incl. Padding)
     12560        558        552         12        280       8844   Library Totals
        24          0          1          0          0          0   (incl. Padding)

==============================================================================


      Code (inc. data)   RO Data    RW Data    ZI Data      Debug   

     33940       2292       5992         96       7376    1182121   Grand Totals
     33940       2292       5992         96       7376    1182121   ELF Image Totals
     33940       2292       5992         96          0          0   ROM Totals

==============================================================================

    Total RO  Size (Code + RO Data)                39932 (  39.00kB)
    Total RW  Size (RW Data + ZI Data)              7472 (   7.30kB)
    Total ROM Size (Code + RO Data + RW Data)      40028 (  39.09kB)

==============================================================================

